../Core/Src/BME680_Driver/bme68x.c:152:8:bme68x_init	24	static
../Core/Src/BME680_Driver/bme68x.c:186:8:bme68x_set_regs	56	static
../Core/Src/BME680_Driver/bme68x.c:243:8:bme68x_get_regs	40	static
../Core/Src/BME680_Driver/bme68x.c:278:8:bme68x_soft_reset	24	static
../Core/Src/BME680_Driver/bme68x.c:319:8:bme68x_set_conf	40	static
../Core/Src/BME680_Driver/bme68x.c:403:8:bme68x_get_conf	24	static
../Core/Src/BME680_Driver/bme68x.c:438:8:bme68x_set_op_mode	24	static
../Core/Src/BME680_Driver/bme68x.c:475:8:bme68x_get_op_mode	24	static
../Core/Src/BME680_Driver/bme68x.c:498:10:bme68x_get_meas_dur	48	static
../Core/Src/BME680_Driver/bme68x.c:548:8:bme68x_get_data	120	static
../Core/Src/BME680_Driver/bme68x.c:638:8:bme68x_set_heatr_conf	40	static
../Core/Src/BME680_Driver/bme68x.c:695:8:bme68x_get_heatr_conf	32	static
../Core/Src/BME680_Driver/bme68x.c:733:8:bme68x_low_gas_selftest_check	272	static
../Core/Src/BME680_Driver/bme68x.c:1015:14:calc_temperature	32	static
../Core/Src/BME680_Driver/bme68x.c:1039:14:calc_pressure	32	static
../Core/Src/BME680_Driver/bme68x.c:1072:14:calc_humidity	40	static
../Core/Src/BME680_Driver/bme68x.c:1105:14:calc_gas_resistance_low	176	static
../Core/Src/BME680_Driver/bme68x.c:1129:14:calc_gas_resistance_high	32	static
../Core/Src/BME680_Driver/bme68x.c:1144:16:calc_res_heat	48	static
../Core/Src/BME680_Driver/bme68x.c:1175:16:calc_gas_wait	24	static
../Core/Src/BME680_Driver/bme68x.c:1199:15:read_field_data	64	static
../Core/Src/BME680_Driver/bme68x.c:1288:15:read_all_field_data	128	static
../Core/Src/BME680_Driver/bme68x.c:1366:15:set_mem_page	32	static
../Core/Src/BME680_Driver/bme68x.c:1411:15:get_mem_page	32	static
../Core/Src/BME680_Driver/bme68x.c:1435:15:boundary_check	32	static
../Core/Src/BME680_Driver/bme68x.c:1459:15:null_ptr_check	24	static
../Core/Src/BME680_Driver/bme68x.c:1473:15:set_conf	88	static
../Core/Src/BME680_Driver/bme68x.c:1561:16:calc_heatr_dur_shared	24	static
../Core/Src/BME680_Driver/bme68x.c:1587:13:sort_sensor_data	24	static
../Core/Src/BME680_Driver/bme68x.c:1710:13:swap_fields	24	static
../Core/Src/BME680_Driver/bme68x.c:1720:15:analyze_sensor_data	24	static
../Core/Src/BME680_Driver/bme68x.c:1768:15:get_calib_data	64	static
../Core/Src/BME680_Driver/bme68x.c:1842:15:read_variant_id	24	static
