../Core/Src/BME680_Driver/bme680_user.c:35:8:user_i2c_read	40	static
../Core/Src/BME680_Driver/bme680_user.c:53:8:user_i2c_write	40	static
../Core/Src/BME680_Driver/bme680_user.c:67:6:user_delay_us	16	static
../Core/Src/BME680_Driver/bme680_user.c:92:6:bme680_user_init	8	static
../Core/Src/BME680_Driver/bme680_user.c:147:6:bme680_read	56	static
../Core/Src/BME680_Driver/bme680_user.c:181:6:bme680_read_withiaq	16	static
../Core/Src/BME680_Driver/bme680_user.c:224:6:air_quality	24	static
../Core/Src/BME680_Driver/bme680_user.c:268:6:bme680_fault_recovery	24	static
