Archive member included to satisfy reference by file (symbol)

C:/ST/STM32CubeIDE_1.17.0/STM32CubeIDE/plugins/com.st.stm32cube.ide.mcu.externaltools.gnu-tools-for-stm32.13.3.rel1.win32_1.0.0.202411081344/tools/bin/../lib/gcc/arm-none-eabi/13.3.1/../../../../arm-none-eabi/lib/thumb/v7e-m+fp/hard\libc_nano.a(libc_a-exit.o)
                              C:/ST/STM32CubeIDE_1.17.0/STM32CubeIDE/plugins/com.st.stm32cube.ide.mcu.externaltools.gnu-tools-for-stm32.13.3.rel1.win32_1.0.0.202411081344/tools/bin/../lib/gcc/arm-none-eabi/13.3.1/../../../../arm-none-eabi/lib/thumb/v7e-m+fp/hard/crt0.o (exit)
C:/ST/STM32CubeIDE_1.17.0/STM32CubeIDE/plugins/com.st.stm32cube.ide.mcu.externaltools.gnu-tools-for-stm32.13.3.rel1.win32_1.0.0.202411081344/tools/bin/../lib/gcc/arm-none-eabi/13.3.1/../../../../arm-none-eabi/lib/thumb/v7e-m+fp/hard\libc_nano.a(libc_a-nano-vfprintf_float.o)
                              (_printf_float)
C:/ST/STM32CubeIDE_1.17.0/STM32CubeIDE/plugins/com.st.stm32cube.ide.mcu.externaltools.gnu-tools-for-stm32.13.3.rel1.win32_1.0.0.202411081344/tools/bin/../lib/gcc/arm-none-eabi/13.3.1/../../../../arm-none-eabi/lib/thumb/v7e-m+fp/hard\libc_nano.a(libc_a-nano-vfprintf_i.o)
                              C:/ST/STM32CubeIDE_1.17.0/STM32CubeIDE/plugins/com.st.stm32cube.ide.mcu.externaltools.gnu-tools-for-stm32.13.3.rel1.win32_1.0.0.202411081344/tools/bin/../lib/gcc/arm-none-eabi/13.3.1/../../../../arm-none-eabi/lib/thumb/v7e-m+fp/hard\libc_nano.a(libc_a-nano-vfprintf_float.o) (_printf_common)
C:/ST/STM32CubeIDE_1.17.0/STM32CubeIDE/plugins/com.st.stm32cube.ide.mcu.externaltools.gnu-tools-for-stm32.13.3.rel1.win32_1.0.0.202411081344/tools/bin/../lib/gcc/arm-none-eabi/13.3.1/../../../../arm-none-eabi/lib/thumb/v7e-m+fp/hard\libc_nano.a(libc_a-findfp.o)
                              ./Middlewares/Third_Party/FreeRTOS/Source/tasks.o (__sf)
C:/ST/STM32CubeIDE_1.17.0/STM32CubeIDE/plugins/com.st.stm32cube.ide.mcu.externaltools.gnu-tools-for-stm32.13.3.rel1.win32_1.0.0.202411081344/tools/bin/../lib/gcc/arm-none-eabi/13.3.1/../../../../arm-none-eabi/lib/thumb/v7e-m+fp/hard\libc_nano.a(libc_a-fwalk.o)
                              C:/ST/STM32CubeIDE_1.17.0/STM32CubeIDE/plugins/com.st.stm32cube.ide.mcu.externaltools.gnu-tools-for-stm32.13.3.rel1.win32_1.0.0.202411081344/tools/bin/../lib/gcc/arm-none-eabi/13.3.1/../../../../arm-none-eabi/lib/thumb/v7e-m+fp/hard\libc_nano.a(libc_a-findfp.o) (_fwalk_sglue)
C:/ST/STM32CubeIDE_1.17.0/STM32CubeIDE/plugins/com.st.stm32cube.ide.mcu.externaltools.gnu-tools-for-stm32.13.3.rel1.win32_1.0.0.202411081344/tools/bin/../lib/gcc/arm-none-eabi/13.3.1/../../../../arm-none-eabi/lib/thumb/v7e-m+fp/hard\libc_nano.a(libc_a-printf.o)
                              ./Core/Src/BME680_Driver/bme680_user.o (printf)
C:/ST/STM32CubeIDE_1.17.0/STM32CubeIDE/plugins/com.st.stm32cube.ide.mcu.externaltools.gnu-tools-for-stm32.13.3.rel1.win32_1.0.0.202411081344/tools/bin/../lib/gcc/arm-none-eabi/13.3.1/../../../../arm-none-eabi/lib/thumb/v7e-m+fp/hard\libc_nano.a(libc_a-snprintf.o)
                              ./Core/Src/BME680_Driver/bme680_user.o (snprintf)
C:/ST/STM32CubeIDE_1.17.0/STM32CubeIDE/plugins/com.st.stm32cube.ide.mcu.externaltools.gnu-tools-for-stm32.13.3.rel1.win32_1.0.0.202411081344/tools/bin/../lib/gcc/arm-none-eabi/13.3.1/../../../../arm-none-eabi/lib/thumb/v7e-m+fp/hard\libc_nano.a(libc_a-stdio.o)
                              C:/ST/STM32CubeIDE_1.17.0/STM32CubeIDE/plugins/com.st.stm32cube.ide.mcu.externaltools.gnu-tools-for-stm32.13.3.rel1.win32_1.0.0.202411081344/tools/bin/../lib/gcc/arm-none-eabi/13.3.1/../../../../arm-none-eabi/lib/thumb/v7e-m+fp/hard\libc_nano.a(libc_a-findfp.o) (__sread)
C:/ST/STM32CubeIDE_1.17.0/STM32CubeIDE/plugins/com.st.stm32cube.ide.mcu.externaltools.gnu-tools-for-stm32.13.3.rel1.win32_1.0.0.202411081344/tools/bin/../lib/gcc/arm-none-eabi/13.3.1/../../../../arm-none-eabi/lib/thumb/v7e-m+fp/hard\libc_nano.a(libc_a-memset.o)
                              C:/ST/STM32CubeIDE_1.17.0/STM32CubeIDE/plugins/com.st.stm32cube.ide.mcu.externaltools.gnu-tools-for-stm32.13.3.rel1.win32_1.0.0.202411081344/tools/bin/../lib/gcc/arm-none-eabi/13.3.1/../../../../arm-none-eabi/lib/thumb/v7e-m+fp/hard/crt0.o (memset)
C:/ST/STM32CubeIDE_1.17.0/STM32CubeIDE/plugins/com.st.stm32cube.ide.mcu.externaltools.gnu-tools-for-stm32.13.3.rel1.win32_1.0.0.202411081344/tools/bin/../lib/gcc/arm-none-eabi/13.3.1/../../../../arm-none-eabi/lib/thumb/v7e-m+fp/hard\libc_nano.a(libc_a-localeconv.o)
                              C:/ST/STM32CubeIDE_1.17.0/STM32CubeIDE/plugins/com.st.stm32cube.ide.mcu.externaltools.gnu-tools-for-stm32.13.3.rel1.win32_1.0.0.202411081344/tools/bin/../lib/gcc/arm-none-eabi/13.3.1/../../../../arm-none-eabi/lib/thumb/v7e-m+fp/hard\libc_nano.a(libc_a-nano-vfprintf_float.o) (_localeconv_r)
[...]
Memory Configuration

Name             Origin             Length             Attributes
RAM              0x20000000         0x00020000         xrw
FLASH            0x08000000         0x00080000         xr
*default*        0x00000000         0xffffffff

Linker script and memory map

LOAD C:/ST/STM32CubeIDE_1.17.0/STM32CubeIDE/plugins/com.st.stm32cube.ide.mcu.externaltools.gnu-tools-for-stm32.13.3.rel1.win32_1.0.0.202411081344/tools/bin/../lib/gcc/arm-none-eabi/13.3.1/thumb/v7e-m+fp/hard/crti.o
LOAD C:/ST/STM32CubeIDE_1.17.0/STM32CubeIDE/plugins/com.st.stm32cube.ide.mcu.externaltools.gnu-tools-for-stm32.13.3.rel1.win32_1.0.0.202411081344/tools/bin/../lib/gcc/arm-none-eabi/13.3.1/thumb/v7e-m+fp/hard/crtbegin.o
LOAD C:/ST/STM32CubeIDE_1.17.0/STM32CubeIDE/plugins/com.st.stm32cube.ide.mcu.externaltools.gnu-tools-for-stm32.13.3.rel1.win32_1.0.0.202411081344/tools/bin/../lib/gcc/arm-none-eabi/13.3.1/../../../../arm-none-eabi/lib/thumb/v7e-m+fp/hard/crt0.o
LOAD ./Core/Src/BME680_Driver/bme680_user.o
LOAD ./Core/Src/BME680_Driver/bme68x.o
LOAD ./Core/Src/Lora/lora.o
LOAD ./Core/Src/MAX30102_Driver/MAX30102.o
LOAD ./Core/Src/MAX30102_Driver/MAX30102_user.o
LOAD ./Core/Src/MLX90614_Driver/mlx90614.o
LOAD ./Core/Src/Screen/screen.o
LOAD ./Core/Src/freertos.o
LOAD ./Core/Src/main.o
LOAD ./Core/Src/stm32f4xx_hal_msp.o
LOAD ./Core/Src/stm32f4xx_hal_timebase_tim.o
LOAD ./Core/Src/stm32f4xx_it.o
LOAD ./Core/Src/syscalls.o
LOAD ./Core/Src/sysmem.o
LOAD ./Core/Src/system_stm32f4xx.o
LOAD ./Core/Startup/startup_stm32f446retx.o
LOAD ./Drivers/STM32F4xx_HAL_Driver/Src/stm32f4xx_hal.o
LOAD ./Drivers/STM32F4xx_HAL_Driver/Src/stm32f4xx_hal_cortex.o
LOAD ./Drivers/STM32F4xx_HAL_Driver/Src/stm32f4xx_hal_dma.o
LOAD ./Drivers/STM32F4xx_HAL_Driver/Src/stm32f4xx_hal_dma_ex.o
LOAD ./Drivers/STM32F4xx_HAL_Driver/Src/stm32f4xx_hal_exti.o
LOAD ./Drivers/STM32F4xx_HAL_Driver/Src/stm32f4xx_hal_flash.o
LOAD ./Drivers/STM32F4xx_HAL_Driver/Src/stm32f4xx_hal_flash_ex.o
LOAD ./Drivers/STM32F4xx_HAL_Driver/Src/stm32f4xx_hal_flash_ramfunc.o
LOAD ./Drivers/STM32F4xx_HAL_Driver/Src/stm32f4xx_hal_gpio.o
LOAD ./Drivers/STM32F4xx_HAL_Driver/Src/stm32f4xx_hal_i2c.o
LOAD ./Drivers/STM32F4xx_HAL_Driver/Src/stm32f4xx_hal_i2c_ex.o
LOAD ./Drivers/STM32F4xx_HAL_Driver/Src/stm32f4xx_hal_pwr.o
LOAD ./Drivers/STM32F4xx_HAL_Driver/Src/stm32f4xx_hal_pwr_ex.o
LOAD ./Drivers/STM32F4xx_HAL_Driver/Src/stm32f4xx_hal_rcc.o
LOAD ./Drivers/STM32F4xx_HAL_Driver/Src/stm32f4xx_hal_rcc_ex.o
LOAD ./Drivers/STM32F4xx_HAL_Driver/Src/stm32f4xx_hal_tim.o
LOAD ./Drivers/STM32F4xx_HAL_Driver/Src/stm32f4xx_hal_tim_ex.o
LOAD ./Drivers/STM32F4xx_HAL_Driver/Src/stm32f4xx_hal_uart.o
LOAD ./Middlewares/Third_Party/FreeRTOS/Source/CMSIS_RTOS_V2/cmsis_os2.o
LOAD ./Middlewares/Third_Party/FreeRTOS/Source/croutine.o
LOAD ./Middlewares/Third_Party/FreeRTOS/Source/event_groups.o
LOAD ./Middlewares/Third_Party/FreeRTOS/Source/list.o
LOAD ./Middlewares/Third_Party/FreeRTOS/Source/queue.o
LOAD ./Middlewares/Third_Party/FreeRTOS/Source/stream_buffer.o
LOAD ./Middlewares/Third_Party/FreeRTOS/Source/tasks.o
LOAD ./Middlewares/Third_Party/FreeRTOS/Source/timers.o
LOAD ./Middlewares/Third_Party/FreeRTOS/Source/portable/GCC/ARM_CM4F/port.o
LOAD ./Middlewares/Third_Party/FreeRTOS/Source/portable/MemMang/heap_4.o
START GROUP
LOAD C:/ST/STM32CubeIDE_1.17.0/STM32CubeIDE/plugins/com.st.stm32cube.ide.mcu.externaltools.gnu-tools-for-stm32.13.3.rel1.win32_1.0.0.202411081344/tools/bin/../lib/gcc/arm-none-eabi/13.3.1/../../../../arm-none-eabi/lib/thumb/v7e-m+fp/hard\libc_nano.a
LOAD C:/ST/STM32CubeIDE_1.17.0/STM32CubeIDE/plugins/com.st.stm32cube.ide.mcu.externaltools.gnu-tools-for-stm32.13.3.rel1.win32_1.0.0.202411081344/tools/bin/../lib/gcc/arm-none-eabi/13.3.1/../../../../arm-none-eabi/lib/thumb/v7e-m+fp/hard\libm.a
END GROUP
START GROUP
LOAD C:/ST/STM32CubeIDE_1.17.0/STM32CubeIDE/plugins/com.st.stm32cube.ide.mcu.externaltools.gnu-tools-for-stm32.13.3.rel1.win32_1.0.0.202411081344/tools/bin/../lib/gcc/arm-none-eabi/13.3.1/thumb/v7e-m+fp/hard\libgcc.a
LOAD C:/ST/STM32CubeIDE_1.17.0/STM32CubeIDE/plugins/com.st.stm32cube.ide.mcu.externaltools.gnu-tools-for-stm32.13.3.rel1.win32_1.0.0.202411081344/tools/bin/../lib/gcc/arm-none-eabi/13.3.1/../../../../arm-none-eabi/lib/thumb/v7e-m+fp/hard\libc_nano.a
END GROUP
START GROUP
LOAD C:/ST/STM32CubeIDE_1.17.0/STM32CubeIDE/plugins/com.st.stm32cube.ide.mcu.externaltools.gnu-tools-for-stm32.13.3.rel1.win32_1.0.0.202411081344/tools/bin/../lib/gcc/arm-none-eabi/13.3.1/thumb/v7e-m+fp/hard\libgcc.a
LOAD C:/ST/STM32CubeIDE_1.17.0/STM32CubeIDE/plugins/com.st.stm32cube.ide.mcu.externaltools.gnu-tools-for-stm32.13.3.rel1.win32_1.0.0.202411081344/tools/bin/../lib/gcc/arm-none-eabi/13.3.1/../../../../arm-none-eabi/lib/thumb/v7e-m+fp/hard\libc_nano.a
LOAD C:/ST/STM32CubeIDE_1.17.0/STM32CubeIDE/plugins/com.st.stm32cube.ide.mcu.externaltools.gnu-tools-for-stm32.13.3.rel1.win32_1.0.0.202411081344/tools/bin/../lib/gcc/arm-none-eabi/13.3.1/../../../../arm-none-eabi/lib/thumb/v7e-m+fp/hard\libnosys.a
END GROUP
START GROUP
LOAD C:/ST/STM32CubeIDE_1.17.0/STM32CubeIDE/plugins/com.st.stm32cube.ide.mcu.externaltools.gnu-tools-for-stm32.13.3.rel1.win32_1.0.0.202411081344/tools/bin/../lib/gcc/arm-none-eabi/13.3.1/thumb/v7e-m+fp/hard\libgcc.a
LOAD C:/ST/STM32CubeIDE_1.17.0/STM32CubeIDE/plugins/com.st.stm32cube.ide.mcu.externaltools.gnu-tools-for-stm32.13.3.rel1.win32_1.0.0.202411081344/tools/bin/../lib/gcc/arm-none-eabi/13.3.1/../../../../arm-none-eabi/lib/thumb/v7e-m+fp/hard\libc_nano.a
LOAD C:/ST/STM32CubeIDE_1.17.0/STM32CubeIDE/plugins/com.st.stm32cube.ide.mcu.externaltools.gnu-tools-for-stm32.13.3.rel1.win32_1.0.0.202411081344/tools/bin/../lib/gcc/arm-none-eabi/13.3.1/../../../../arm-none-eabi/lib/thumb/v7e-m+fp/hard\libnosys.a
END GROUP
LOAD C:/ST/STM32CubeIDE_1.17.0/STM32CubeIDE/plugins/com.st.stm32cube.ide.mcu.externaltools.gnu-tools-for-stm32.13.3.rel1.win32_1.0.0.202411081344/tools/bin/../lib/gcc/arm-none-eabi/13.3.1/thumb/v7e-m+fp/hard/crtend.o
LOAD C:/ST/STM32CubeIDE_1.17.0/STM32CubeIDE/plugins/com.st.stm32cube.ide.mcu.externaltools.gnu-tools-for-stm32.13.3.rel1.win32_1.0.0.202411081344/tools/bin/../lib/gcc/arm-none-eabi/13.3.1/thumb/v7e-m+fp/hard/crtn.o
                0x20020000                        _estack = (ORIGIN (RAM) + LENGTH (RAM))
                0x00000200                        _Min_Heap_Size = 0x200
                0x00000400                        _Min_Stack_Size = 0x400

.isr_vector     0x08000000      0x1c4
                0x08000000                        . = ALIGN (0x4)
 *(.isr_vector)
 .isr_vector    0x08000000      0x1c4 ./Core/Startup/startup_stm32f446retx.o
                0x08000000                g_pfnVectors
                0x080001c4                        . = ALIGN (0x4)

.text           0x080001d0     0xee30
                0x080001d0                        . = ALIGN (0x4)
 *(.text)
 .text          0x080001d0       0x40 C:/ST/STM32CubeIDE_1.17.0/STM32CubeIDE/plugins/com.st.stm32cube.ide.mcu.externaltools.gnu-tools-for-stm32.13.3.rel1.win32_1.0.0.202411081344/tools/bin/../lib/gcc/arm-none-eabi/13.3.1/thumb/v7e-m+fp/hard/crtbegin.o
 .text          0x08000210       0xa0 C:/ST/STM32CubeIDE_1.17.0/STM32CubeIDE/plugins/com.st.stm32cube.ide.mcu.externaltools.gnu-tools-for-stm32.13.3.rel1.win32_1.0.0.202411081344/tools/bin/../lib/gcc/arm-none-eabi/13.3.1/../../../../arm-none-eabi/lib/thumb/v7e-m+fp/hard\libc_nano.a(libc_a-memchr.o)
                0x08000210                memchr
 .text          0x080002b0       0x10 C:/ST/STM32CubeIDE_1.17.0/STM32CubeIDE/plugins/com.st.stm32cube.ide.mcu.externaltools.gnu-tools-for-stm32.13.3.rel1.win32_1.0.0.202411081344/tools/bin/../lib/gcc/arm-none-eabi/13.3.1/../../../../arm-none-eabi/lib/thumb/v7e-m+fp/hard\libc_nano.a(libc_a-strlen.o)
                0x080002b0                strlen
 .text          0x080002c0      0x378 C:/ST/STM32CubeIDE_1.17.0/STM32CubeIDE/plugins/com.st.stm32cube.ide.mcu.externaltools.gnu-tools-for-stm32.13.3.rel1.win32_1.0.0.202411081344/tools/bin/../lib/gcc/arm-none-eabi/13.3.1/thumb/v7e-m+fp/hard\libgcc.a(_arm_addsubdf3.o)
                0x080002c0                __aeabi_drsub
                0x080002c8                __aeabi_dsub
                0x080002c8                __subdf3
                0x080002cc                __aeabi_dadd
                0x080002cc                __adddf3
                0x08000544                __floatunsidf
                0x08000544                __aeabi_ui2d
                0x08000564                __floatsidf
                0x08000564                __aeabi_i2d
                0x08000588                __aeabi_f2d
                0x08000588                __extendsfdf2
                0x080005cc                __floatundidf
                0x080005cc                __aeabi_ul2d
                0x080005dc                __floatdidf
                0x080005dc                __aeabi_l2d
 .text          0x08000638      0x424 C:/ST/STM32CubeIDE_1.17.0/STM32CubeIDE/plugins/com.st.stm32cube.ide.mcu.externaltools.gnu-tools-for-stm32.13.3.rel1.win32_1.0.0.202411081344/tools/bin/../lib/gcc/arm-none-eabi/13.3.1/thumb/v7e-m+fp/hard\libgcc.a(_arm_muldivdf3.o)
                0x08000638                __aeabi_dmul
                0x08000638                __muldf3
                0x0800088c                __divdf3
                0x0800088c                __aeabi_ddiv
 .text          0x08000a5c      0x110 C:/ST/STM32CubeIDE_1.17.0/STM32CubeIDE/plugins/com.st.stm32cube.ide.mcu.externaltools.gnu-tools-for-stm32.13.3.rel1.win32_1.0.0.202411081344/tools/bin/../lib/gcc/arm-none-eabi/13.3.1/thumb/v7e-m+fp/hard\libgcc.a(_arm_cmpdf2.o)
                0x08000a5c                __gtdf2
                0x08000a5c                __gedf2
                0x08000a64                __ltdf2
                0x08000a64                __ledf2
                0x08000a6c                __nedf2
                0x08000a6c                __eqdf2
                0x08000a6c                __cmpdf2
                0x08000ae8                __aeabi_cdrcmple
                0x08000af8                __aeabi_cdcmpeq
                0x08000af8                __aeabi_cdcmple
                0x08000b08                __aeabi_dcmpeq
                0x08000b1c                __aeabi_dcmplt
                0x08000b30                __aeabi_dcmple
                0x08000b44                __aeabi_dcmpge
                0x08000b58                __aeabi_dcmpgt
 .text          0x08000b6c       0x2c C:/ST/STM32CubeIDE_1.17.0/STM32CubeIDE/plugins/com.st.stm32cube.ide.mcu.externaltools.gnu-tools-for-stm32.13.3.rel1.win32_1.0.0.202411081344/tools/bin/../lib/gcc/arm-none-eabi/13.3.1/thumb/v7e-m+fp/hard\libgcc.a(_arm_unorddf2.o)
                0x08000b6c                __unorddf2
                0x08000b6c                __aeabi_dcmpun
 .text          0x08000b98       0x50 C:/ST/STM32CubeIDE_1.17.0/STM32CubeIDE/plugins/com.st.stm32cube.ide.mcu.externaltools.gnu-tools-for-stm32.13.3.rel1.win32_1.0.0.202411081344/tools/bin/../lib/gcc/arm-none-eabi/13.3.1/thumb/v7e-m+fp/hard\libgcc.a(_arm_fixdfsi.o)
                0x08000b98                __aeabi_d2iz
                0x08000b98                __fixdfsi
 .text          0x08000be8       0xa0 C:/ST/STM32CubeIDE_1.17.0/STM32CubeIDE/plugins/com.st.stm32cube.ide.mcu.externaltools.gnu-tools-for-stm32.13.3.rel1.win32_1.0.0.202411081344/tools/bin/../lib/gcc/arm-none-eabi/13.3.1/thumb/v7e-m+fp/hard\libgcc.a(_arm_truncdfsf2.o)
                0x08000be8                __truncdfsf2
                0x08000be8                __aeabi_d2f
 .text          0x08000c88       0x30 C:/ST/STM32CubeIDE_1.17.0/STM32CubeIDE/plugins/com.st.stm32cube.ide.mcu.externaltools.gnu-tools-for-stm32.13.3.rel1.win32_1.0.0.202411081344/tools/bin/../lib/gcc/arm-none-eabi/13.3.1/thumb/v7e-m+fp/hard\libgcc.a(_aeabi_uldivmod.o)
                0x08000c88                __aeabi_uldivmod
 .text          0x08000cb8      0x2f8 C:/ST/STM32CubeIDE_1.17.0/STM32CubeIDE/plugins/com.st.stm32cube.ide.mcu.externaltools.gnu-tools-for-stm32.13.3.rel1.win32_1.0.0.202411081344/tools/bin/../lib/gcc/arm-none-eabi/13.3.1/thumb/v7e-m+fp/hard\libgcc.a(_udivmoddi4.o)
                0x08000cb8                __udivmoddi4
 .text          0x08000fb0        0x4 C:/ST/STM32CubeIDE_1.17.0/STM32CubeIDE/plugins/com.st.stm32cube.ide.mcu.externaltools.gnu-tools-for-stm32.13.3.rel1.win32_1.0.0.202411081344/tools/bin/../lib/gcc/arm-none-eabi/13.3.1/thumb/v7e-m+fp/hard\libgcc.a(_dvmd_tls.o)
                0x08000fb0                __aeabi_idiv0
                0x08000fb0                __aeabi_ldiv0
 *(.text*)
 .text.user_i2c_read
                0x08000fb4       0x42 ./Core/Src/BME680_Driver/bme680_user.o
                0x08000fb4                user_i2c_read
 .text.user_i2c_write
                0x08000ff6       0x42 ./Core/Src/BME680_Driver/bme680_user.o
                0x08000ff6                user_i2c_write
 .text.user_delay_us
                0x08001038       0x2c ./Core/Src/BME680_Driver/bme680_user.o
                0x08001038                user_delay_us
 .text.bme680_user_init
                0x08001064       0xd0 ./Core/Src/BME680_Driver/bme680_user.o
                0x08001064                bme680_user_init
 .text.bme680_read_withiaq
                0x08001134       0x64 ./Core/Src/BME680_Driver/bme680_user.o
                0x08001134                bme680_read_withiaq
 .text.air_quality
                0x08001198      0x12c ./Core/Src/BME680_Driver/bme680_user.o
                0x08001198                air_quality
 .text.bme68x_init
                0x080012c4       0x68 ./Core/Src/BME680_Driver/bme68x.o
                0x080012c4                bme68x_init
 .text.bme68x_set_regs
                0x0800132c      0x11e ./Core/Src/BME680_Driver/bme68x.o
                0x0800132c                bme68x_set_regs
 .text.bme68x_get_regs
                0x0800144a       0x88 ./Core/Src/BME680_Driver/bme68x.o
                0x0800144a                bme68x_get_regs
 .text.bme68x_soft_reset
                0x080014d2       0x86 ./Core/Src/BME680_Driver/bme68x.o
                0x080014d2                bme68x_soft_reset
 .text.bme68x_set_conf
                0x08001558      0x214 ./Core/Src/BME680_Driver/bme68x.o
                0x08001558                bme68x_set_conf
 .text.bme68x_set_op_mode
                0x0800176c       0xc2 ./Core/Src/BME680_Driver/bme68x.o
                0x0800176c                bme68x_set_op_mode
 .text.bme68x_get_op_mode
                0x0800182e       0x40 ./Core/Src/BME680_Driver/bme68x.o
                0x0800182e                bme68x_get_op_mode
 .text.bme68x_get_data
                0x0800186e      0x1fc ./Core/Src/BME680_Driver/bme68x.o
                0x0800186e                bme68x_get_data
 .text.bme68x_set_heatr_conf
                0x08001a6a      0x114 ./Core/Src/BME680_Driver/bme68x.o
                0x08001a6a                bme68x_set_heatr_conf
 *fill*         0x08001b7e        0x2 
 .text.calc_temperature
                0x08001b80      0x10c ./Core/Src/BME680_Driver/bme68x.o
 .text.calc_pressure
                0x08001c8c      0x284 ./Core/Src/BME680_Driver/bme68x.o
 .text.calc_humidity
                0x08001f10      0x198 ./Core/Src/BME680_Driver/bme68x.o
 .text.calc_gas_resistance_low
                0x080020a8      0x144 ./Core/Src/BME680_Driver/bme68x.o
 .text.calc_gas_resistance_high
                0x080021ec       0x74 ./Core/Src/BME680_Driver/bme68x.o
 .text.calc_res_heat
                0x08002260      0x160 ./Core/Src/BME680_Driver/bme68x.o
 .text.calc_gas_wait
                0x080023c0       0x4a ./Core/Src/BME680_Driver/bme68x.o
 .text.read_field_data
                0x0800240a      0x286 ./Core/Src/BME680_Driver/bme68x.o
 .text.read_all_field_data
                0x08002690      0x44a ./Core/Src/BME680_Driver/bme68x.o
 .text.set_mem_page
                0x08002ada       0xca ./Core/Src/BME680_Driver/bme68x.o
 .text.get_mem_page
                0x08002ba4       0x5e ./Core/Src/BME680_Driver/bme68x.o
 .text.boundary_check
                0x08002c02       0x5a ./Core/Src/BME680_Driver/bme68x.o
 .text.null_ptr_check
                0x08002c5c       0x3e ./Core/Src/BME680_Driver/bme68x.o
 .text.set_conf
                0x08002c9a      0x2a6 ./Core/Src/BME680_Driver/bme68x.o
 .text.calc_heatr_dur_shared
                0x08002f40       0x6c ./Core/Src/BME680_Driver/bme68x.o
 .text.sort_sensor_data
                0x08002fac       0xac ./Core/Src/BME680_Driver/bme68x.o
 .text.swap_fields
                0x08003058       0x48 ./Core/Src/BME680_Driver/bme68x.o
 .text.get_calib_data
                0x080030a0      0x21e ./Core/Src/BME680_Driver/bme68x.o
 .text.read_variant_id
                0x080032be       0x3a ./Core/Src/BME680_Driver/bme68x.o
 .text.lora_send_msg
                0x080032f8       0x5c ./Core/Src/Lora/lora.o
                0x080032f8                lora_send_msg
 .text.max30102_read_reg
                0x08003354       0x40 ./Core/Src/MAX30102_Driver/MAX30102.o
                0x08003354                max30102_read_reg
 .text.max30102_write_reg
                0x08003394       0x44 ./Core/Src/MAX30102_Driver/MAX30102.o
                0x08003394                max30102_write_reg
 .text.max30102_init
                0x080033d8      0x116 ./Core/Src/MAX30102_Driver/MAX30102.o
                0x080033d8                max30102_init
 *fill*         0x080034ee        0x2 
 .text.max30102_read_fifo_multi
                0x080034f0       0xd8 ./Core/Src/MAX30102_Driver/MAX30102.o
                0x080034f0                max30102_read_fifo_multi
 .text.max30102_reset
                0x080035c8       0x36 ./Core/Src/MAX30102_Driver/MAX30102.o
                0x080035c8                max30102_reset
 *fill*         0x080035fe        0x2 
 .text.ema_beta
                0x08003600       0x3c ./Core/Src/MAX30102_Driver/MAX30102_user.o
 .text.ema_alpha
                0x0800363c       0x48 ./Core/Src/MAX30102_Driver/MAX30102_user.o
 .text.max30102_user_init
                0x08003684       0x68 ./Core/Src/MAX30102_Driver/MAX30102_user.o
                0x08003684                max30102_user_init
 .text.max30102_user_read_bpm
                0x080036ec       0x7c ./Core/Src/MAX30102_Driver/MAX30102_user.o
                0x080036ec                max30102_user_read_bpm
 .text.filter_ir_block
                0x08003768      0x104 ./Core/Src/MAX30102_Driver/MAX30102_user.o
                0x08003768                filter_ir_block
 .text.update_finger_detection
                0x0800386c      0x180 ./Core/Src/MAX30102_Driver/MAX30102_user.o
                0x0800386c                update_finger_detection
 .text.detect_peak_and_bpm
                0x080039ec      0x2b4 ./Core/Src/MAX30102_Driver/MAX30102_user.o
                0x080039ec                detect_peak_and_bpm
 .text.mlx90614_init
                0x08003ca0       0x28 ./Core/Src/MLX90614_Driver/mlx90614.o
                0x08003ca0                mlx90614_init
 .text.mlx90614_read_temp
                0x08003cc8       0x8c ./Core/Src/MLX90614_Driver/mlx90614.o
                0x08003cc8                mlx90614_read_temp
 .text.MLX90614_Read
                0x08003d54       0x4c ./Core/Src/MLX90614_Driver/mlx90614.o
                0x08003d54                MLX90614_Read
 .text.MLX90614_ID_Check
                0x08003da0       0x48 ./Core/Src/MLX90614_Driver/mlx90614.o
                0x08003da0                MLX90614_ID_Check
 .text.MLX90614_Error_Handler
                0x08003de8       0x16 ./Core/Src/MLX90614_Driver/mlx90614.o
                0x08003de8                MLX90614_Error_Handler
 *fill*         0x08003dfe        0x2 
 .text.NX_send_raw
                0x08003e00       0x24 ./Core/Src/Screen/screen.o
                0x08003e00                NX_send_raw
 .text.NX_term  0x08003e24       0x2c ./Core/Src/Screen/screen.o
                0x08003e24                NX_term
 .text.NX_send_cmd
                0x08003e50       0x24 ./Core/Src/Screen/screen.o
                0x08003e50                NX_send_cmd
 .text.NX_set_txt
                0x08003e74       0x3c ./Core/Src/Screen/screen.o
                0x08003e74                NX_set_txt
 .text.NX_set_data
                0x08003eb0       0x40 ./Core/Src/Screen/screen.o
                0x08003eb0                NX_set_data
 .text.NX_set_float
                0x08003ef0       0x48 ./Core/Src/Screen/screen.o
                0x08003ef0                NX_set_float
 .text.NX_Init  0x08003f38       0x28 ./Core/Src/Screen/screen.o
                0x08003f38                NX_Init
 .text.main     0x08003f60      0x1dc ./Core/Src/main.o
                0x08003f60                main
 .text.SystemClock_Config
                0x0800413c       0xdc ./Core/Src/main.o
                0x0800413c                SystemClock_Config
 .text.MX_I2C1_Init
                0x08004218       0x5c ./Core/Src/main.o
 .text.MX_USART1_UART_Init
                0x08004274       0x54 ./Core/Src/main.o
 .text.MX_USART2_UART_Init
                0x080042c8       0x54 ./Core/Src/main.o
 .text.MX_USART3_UART_Init
                0x0800431c       0x54 ./Core/Src/main.o
 .text.MX_GPIO_Init
                0x08004370       0xf8 ./Core/Src/main.o
 .text.HAL_UART_RxCpltCallback
                0x08004468      0x168 ./Core/Src/main.o
                0x08004468                HAL_UART_RxCpltCallback
 .text.sensors_init_task
                0x080045d0       0x4c ./Core/Src/main.o
                0x080045d0                sensors_init_task
 .text.pulse_task
                0x0800461c       0x80 ./Core/Src/main.o
                0x0800461c                pulse_task
 .text.enviroment_task
                0x0800469c       0x58 ./Core/Src/main.o
                0x0800469c                enviroment_task
 .text.body_temp_task
                0x080046f4       0x58 ./Core/Src/main.o
                0x080046f4                body_temp_task
 .text.screen_data_tx_task
                0x0800474c      0x170 ./Core/Src/main.o
                0x0800474c                screen_data_tx_task
 .text.screen_data_rx_task
                0x080048bc       0xe8 ./Core/Src/main.o
                0x080048bc                screen_data_rx_task
 .text.StartDefaultTask
                0x080049a4       0x10 ./Core/Src/main.o
                0x080049a4                StartDefaultTask
 .text.HAL_TIM_PeriodElapsedCallback
                0x080049b4       0x24 ./Core/Src/main.o
                0x080049b4                HAL_TIM_PeriodElapsedCallback
 .text.Error_Handler
                0x080049d8        0xc ./Core/Src/main.o
                0x080049d8                Error_Handler
 .text.HAL_MspInit
                0x080049e4       0x58 ./Core/Src/stm32f4xx_hal_msp.o
                0x080049e4                HAL_MspInit
 .text.HAL_I2C_MspInit
                0x08004a3c       0x90 ./Core/Src/stm32f4xx_hal_msp.o
                0x08004a3c                HAL_I2C_MspInit
 .text.HAL_I2C_MspDeInit
                0x08004acc       0x48 ./Core/Src/stm32f4xx_hal_msp.o
                0x08004acc                HAL_I2C_MspDeInit
 .text.HAL_UART_MspInit
                0x08004b14      0x188 ./Core/Src/stm32f4xx_hal_msp.o
                0x08004b14                HAL_UART_MspInit
 .text.HAL_InitTick
                0x08004c9c       0xf8 ./Core/Src/stm32f4xx_hal_timebase_tim.o
                0x08004c9c                HAL_InitTick
 .text.NMI_Handler
                0x08004d94        0x8 ./Core/Src/stm32f4xx_it.o
                0x08004d94                NMI_Handler
 .text.HardFault_Handler
                0x08004d9c        0x8 ./Core/Src/stm32f4xx_it.o
                0x08004d9c                HardFault_Handler
 .text.MemManage_Handler
                0x08004da4        0x8 ./Core/Src/stm32f4xx_it.o
                0x08004da4                MemManage_Handler
 .text.BusFault_Handler
                0x08004dac        0x8 ./Core/Src/stm32f4xx_it.o
                0x08004dac                BusFault_Handler
 .text.UsageFault_Handler
                0x08004db4        0x8 ./Core/Src/stm32f4xx_it.o
                0x08004db4                UsageFault_Handler
 .text.DebugMon_Handler
                0x08004dbc        0xe ./Core/Src/stm32f4xx_it.o
                0x08004dbc                DebugMon_Handler
 *fill*         0x08004dca        0x2 
 .text.USART1_IRQHandler
                0x08004dcc       0x14 ./Core/Src/stm32f4xx_it.o
                0x08004dcc                USART1_IRQHandler
 .text.USART3_IRQHandler
                0x08004de0       0x14 ./Core/Src/stm32f4xx_it.o
                0x08004de0                USART3_IRQHandler
 .text.TIM6_DAC_IRQHandler
                0x08004df4       0x14 ./Core/Src/stm32f4xx_it.o
                0x08004df4                TIM6_DAC_IRQHandler
 .text._getpid  0x08004e08       0x10 ./Core/Src/syscalls.o
                0x08004e08                _getpid
 .text._kill    0x08004e18       0x20 ./Core/Src/syscalls.o
                0x08004e18                _kill
 .text._exit    0x08004e38       0x16 ./Core/Src/syscalls.o
                0x08004e38                _exit
 .text._read    0x08004e4e       0x3a ./Core/Src/syscalls.o
                0x08004e4e                _read
 .text._write   0x08004e88       0x38 ./Core/Src/syscalls.o
                0x08004e88                _write
 .text._close   0x08004ec0       0x18 ./Core/Src/syscalls.o
                0x08004ec0                _close
 .text._fstat   0x08004ed8       0x20 ./Core/Src/syscalls.o
                0x08004ed8                _fstat
 .text._isatty  0x08004ef8       0x16 ./Core/Src/syscalls.o
                0x08004ef8                _isatty
 .text._lseek   0x08004f0e       0x1a ./Core/Src/syscalls.o
                0x08004f0e                _lseek
 .text._sbrk    0x08004f28       0x6c ./Core/Src/sysmem.o
                0x08004f28                _sbrk
 .text.SystemInit
                0x08004f94       0x24 ./Core/Src/system_stm32f4xx.o
                0x08004f94                SystemInit
 .text.Reset_Handler
                0x08004fb8       0x50 ./Core/Startup/startup_stm32f446retx.o
                0x08004fb8                Reset_Handler
 .text.Default_Handler
                0x08005008        0x2 ./Core/Startup/startup_stm32f446retx.o
                0x08005008                RTC_Alarm_IRQHandler
                0x08005008                EXTI2_IRQHandler
                0x08005008                TIM8_CC_IRQHandler
                0x08005008                FMPI2C1_EV_IRQHandler
                0x08005008                SPI4_IRQHandler
                0x08005008                TIM1_CC_IRQHandler
                0x08005008                DMA2_Stream5_IRQHandler
                0x08005008                DMA1_Stream5_IRQHandler
                0x08005008                PVD_IRQHandler
                0x08005008                SDIO_IRQHandler
                0x08005008                TAMP_STAMP_IRQHandler
                0x08005008                CAN2_RX1_IRQHandler
                0x08005008                EXTI3_IRQHandler
                0x08005008                TIM8_TRG_COM_TIM14_IRQHandler
                0x08005008                TIM1_UP_TIM10_IRQHandler
                0x08005008                TIM8_UP_TIM13_IRQHandler
                0x08005008                I2C3_ER_IRQHandler
                0x08005008                EXTI0_IRQHandler
                0x08005008                I2C2_EV_IRQHandler
                0x08005008                DMA1_Stream2_IRQHandler
                0x08005008                CAN1_RX0_IRQHandler
                0x08005008                FPU_IRQHandler
                0x08005008                OTG_HS_WKUP_IRQHandler
                0x08005008                CAN2_SCE_IRQHandler
                0x08005008                DMA2_Stream2_IRQHandler
                0x08005008                SPI1_IRQHandler
                0x08005008                TIM1_BRK_TIM9_IRQHandler
                0x08005008                DCMI_IRQHandler
                0x08005008                CAN2_RX0_IRQHandler
                0x08005008                DMA2_Stream3_IRQHandler
                0x08005008                SAI2_IRQHandler
                0x08005008                USART6_IRQHandler
                0x08005008                CAN1_RX1_IRQHandler
                0x08005008                UART5_IRQHandler
                0x08005008                DMA2_Stream0_IRQHandler
                0x08005008                TIM4_IRQHandler
                0x08005008                QUADSPI_IRQHandler
                0x08005008                I2C1_EV_IRQHandler
                0x08005008                DMA1_Stream6_IRQHandler
                0x08005008                DMA1_Stream1_IRQHandler
                0x08005008                UART4_IRQHandler
                0x08005008                TIM3_IRQHandler
                0x08005008                RCC_IRQHandler
                0x08005008                TIM8_BRK_TIM12_IRQHandler
                0x08005008                Default_Handler
                0x08005008                CEC_IRQHandler
                0x08005008                EXTI15_10_IRQHandler
                0x08005008                ADC_IRQHandler
                0x08005008                DMA1_Stream7_IRQHandler
                0x08005008                TIM7_IRQHandler
                0x08005008                CAN2_TX_IRQHandler
                0x08005008                TIM5_IRQHandler
                0x08005008                DMA2_Stream7_IRQHandler
                0x08005008                I2C3_EV_IRQHandler
                0x08005008                EXTI9_5_IRQHandler
                0x08005008                RTC_WKUP_IRQHandler
                0x08005008                SPDIF_RX_IRQHandler
                0x08005008                SPI2_IRQHandler
                0x08005008                OTG_HS_EP1_IN_IRQHandler
                0x08005008                DMA1_Stream0_IRQHandler
                0x08005008                CAN1_TX_IRQHandler
                0x08005008                FMPI2C1_ER_IRQHandler
                0x08005008                EXTI4_IRQHandler
                0x08005008                OTG_HS_EP1_OUT_IRQHandler
                0x08005008                WWDG_IRQHandler
                0x08005008                TIM2_IRQHandler
                0x08005008                OTG_FS_WKUP_IRQHandler
                0x08005008                TIM1_TRG_COM_TIM11_IRQHandler
                0x08005008                OTG_HS_IRQHandler
                0x08005008                EXTI1_IRQHandler
                0x08005008                USART2_IRQHandler
                0x08005008                I2C2_ER_IRQHandler
                0x08005008                DMA2_Stream1_IRQHandler
                0x08005008                CAN1_SCE_IRQHandler
                0x08005008                FLASH_IRQHandler
                0x08005008                DMA2_Stream4_IRQHandler
                0x08005008                OTG_FS_IRQHandler
                0x08005008                SPI3_IRQHandler
                0x08005008                DMA1_Stream4_IRQHandler
                0x08005008                I2C1_ER_IRQHandler
                0x08005008                FMC_IRQHandler
                0x08005008                DMA2_Stream6_IRQHandler
                0x08005008                SAI1_IRQHandler
                0x08005008                DMA1_Stream3_IRQHandler
 *fill*         0x0800500a        0x2 
 .text.HAL_Init
                0x0800500c       0x44 ./Drivers/STM32F4xx_HAL_Driver/Src/stm32f4xx_hal.o
                0x0800500c                HAL_Init
 .text.HAL_IncTick
                0x08005050       0x28 ./Drivers/STM32F4xx_HAL_Driver/Src/stm32f4xx_hal.o
                0x08005050                HAL_IncTick
 .text.HAL_GetTick
                0x08005078       0x18 ./Drivers/STM32F4xx_HAL_Driver/Src/stm32f4xx_hal.o
                0x08005078                HAL_GetTick
 .text.HAL_Delay
                0x08005090       0x48 ./Drivers/STM32F4xx_HAL_Driver/Src/stm32f4xx_hal.o
                0x08005090                HAL_Delay
 .text.__NVIC_SetPriorityGrouping
                0x080050d8       0x48 ./Drivers/STM32F4xx_HAL_Driver/Src/stm32f4xx_hal_cortex.o
 .text.__NVIC_GetPriorityGrouping
                0x08005120       0x1c ./Drivers/STM32F4xx_HAL_Driver/Src/stm32f4xx_hal_cortex.o
 .text.__NVIC_EnableIRQ
                0x0800513c       0x3c ./Drivers/STM32F4xx_HAL_Driver/Src/stm32f4xx_hal_cortex.o
 .text.__NVIC_DisableIRQ
                0x08005178       0x48 ./Drivers/STM32F4xx_HAL_Driver/Src/stm32f4xx_hal_cortex.o
 .text.__NVIC_SetPriority
                0x080051c0       0x54 ./Drivers/STM32F4xx_HAL_Driver/Src/stm32f4xx_hal_cortex.o
 .text.NVIC_EncodePriority
                0x08005214       0x66 ./Drivers/STM32F4xx_HAL_Driver/Src/stm32f4xx_hal_cortex.o
 .text.HAL_NVIC_SetPriorityGrouping
                0x0800527a       0x16 ./Drivers/STM32F4xx_HAL_Driver/Src/stm32f4xx_hal_cortex.o
                0x0800527a                HAL_NVIC_SetPriorityGrouping
 .text.HAL_NVIC_SetPriority
                0x08005290       0x38 ./Drivers/STM32F4xx_HAL_Driver/Src/stm32f4xx_hal_cortex.o
                0x08005290                HAL_NVIC_SetPriority
 .text.HAL_NVIC_EnableIRQ
                0x080052c8       0x1c ./Drivers/STM32F4xx_HAL_Driver/Src/stm32f4xx_hal_cortex.o
                0x080052c8                HAL_NVIC_EnableIRQ
 .text.HAL_NVIC_DisableIRQ
                0x080052e4       0x1c ./Drivers/STM32F4xx_HAL_Driver/Src/stm32f4xx_hal_cortex.o
                0x080052e4                HAL_NVIC_DisableIRQ
 .text.HAL_DMA_Abort
                0x08005300       0xe0 ./Drivers/STM32F4xx_HAL_Driver/Src/stm32f4xx_hal_dma.o
                0x08005300                HAL_DMA_Abort
 .text.HAL_DMA_Abort_IT
                0x080053e0       0x44 ./Drivers/STM32F4xx_HAL_Driver/Src/stm32f4xx_hal_dma.o
                0x080053e0                HAL_DMA_Abort_IT
 .text.HAL_GPIO_Init
                0x08005424      0x328 ./Drivers/STM32F4xx_HAL_Driver/Src/stm32f4xx_hal_gpio.o
                0x08005424                HAL_GPIO_Init
 .text.HAL_GPIO_DeInit
                0x0800574c      0x1e8 ./Drivers/STM32F4xx_HAL_Driver/Src/stm32f4xx_hal_gpio.o
                0x0800574c                HAL_GPIO_DeInit
 .text.HAL_GPIO_WritePin
                0x08005934       0x32 ./Drivers/STM32F4xx_HAL_Driver/Src/stm32f4xx_hal_gpio.o
                0x08005934                HAL_GPIO_WritePin
 *fill*         0x08005966        0x2 
 .text.HAL_I2C_Init
                0x08005968      0x288 ./Drivers/STM32F4xx_HAL_Driver/Src/stm32f4xx_hal_i2c.o
                0x08005968                HAL_I2C_Init
 .text.HAL_I2C_DeInit
                0x08005bf0       0x5e ./Drivers/STM32F4xx_HAL_Driver/Src/stm32f4xx_hal_i2c.o
                0x08005bf0                HAL_I2C_DeInit
 *fill*         0x08005c4e        0x2 
 .text.HAL_I2C_Mem_Write
                0x08005c50      0x1f4 ./Drivers/STM32F4xx_HAL_Driver/Src/stm32f4xx_hal_i2c.o
                0x08005c50                HAL_I2C_Mem_Write
 .text.HAL_I2C_Mem_Read
                0x08005e44      0x464 ./Drivers/STM32F4xx_HAL_Driver/Src/stm32f4xx_hal_i2c.o
                0x08005e44                HAL_I2C_Mem_Read
 .text.I2C_RequestMemoryWrite
                0x080062a8      0x12c ./Drivers/STM32F4xx_HAL_Driver/Src/stm32f4xx_hal_i2c.o
 .text.I2C_RequestMemoryRead
                0x080063d4      0x1d0 ./Drivers/STM32F4xx_HAL_Driver/Src/stm32f4xx_hal_i2c.o
 .text.I2C_WaitOnFlagUntilTimeout
                0x080065a4       0xf4 ./Drivers/STM32F4xx_HAL_Driver/Src/stm32f4xx_hal_i2c.o
 .text.I2C_WaitOnMasterAddressFlagUntilTimeout
                0x08006698      0x140 ./Drivers/STM32F4xx_HAL_Driver/Src/stm32f4xx_hal_i2c.o
 .text.I2C_WaitOnTXEFlagUntilTimeout
                0x080067d8       0x90 ./Drivers/STM32F4xx_HAL_Driver/Src/stm32f4xx_hal_i2c.o
 .text.I2C_WaitOnBTFFlagUntilTimeout
                0x08006868       0x90 ./Drivers/STM32F4xx_HAL_Driver/Src/stm32f4xx_hal_i2c.o
 .text.I2C_WaitOnRXNEFlagUntilTimeout
                0x080068f8       0xba ./Drivers/STM32F4xx_HAL_Driver/Src/stm32f4xx_hal_i2c.o
 .text.I2C_IsAcknowledgeFailed
                0x080069b2       0x5e ./Drivers/STM32F4xx_HAL_Driver/Src/stm32f4xx_hal_i2c.o
 .text.HAL_RCC_ClockConfig
                0x08006a10      0x1cc ./Drivers/STM32F4xx_HAL_Driver/Src/stm32f4xx_hal_rcc.o
                0x08006a10                HAL_RCC_ClockConfig
 .text.HAL_RCC_GetHCLKFreq
                0x08006bdc       0x18 ./Drivers/STM32F4xx_HAL_Driver/Src/stm32f4xx_hal_rcc.o
                0x08006bdc                HAL_RCC_GetHCLKFreq
 .text.HAL_RCC_GetPCLK1Freq
                0x08006bf4       0x28 ./Drivers/STM32F4xx_HAL_Driver/Src/stm32f4xx_hal_rcc.o
                0x08006bf4                HAL_RCC_GetPCLK1Freq
 .text.HAL_RCC_GetPCLK2Freq
                0x08006c1c       0x28 ./Drivers/STM32F4xx_HAL_Driver/Src/stm32f4xx_hal_rcc.o
                0x08006c1c                HAL_RCC_GetPCLK2Freq
 .text.HAL_RCC_GetClockConfig
                0x08006c44       0x64 ./Drivers/STM32F4xx_HAL_Driver/Src/stm32f4xx_hal_rcc.o
                0x08006c44                HAL_RCC_GetClockConfig
 .text.HAL_RCC_GetSysClockFreq
                0x08006ca8      0x460 ./Drivers/STM32F4xx_HAL_Driver/Src/stm32f4xx_hal_rcc_ex.o
                0x08006ca8                HAL_RCC_GetSysClockFreq
 .text.HAL_RCC_OscConfig
                0x08007108      0x53c ./Drivers/STM32F4xx_HAL_Driver/Src/stm32f4xx_hal_rcc_ex.o
                0x08007108                HAL_RCC_OscConfig
 .text.HAL_TIM_Base_Init
                0x08007644       0x9e ./Drivers/STM32F4xx_HAL_Driver/Src/stm32f4xx_hal_tim.o
                0x08007644                HAL_TIM_Base_Init
 .text.HAL_TIM_Base_MspInit
                0x080076e2       0x14 ./Drivers/STM32F4xx_HAL_Driver/Src/stm32f4xx_hal_tim.o
                0x080076e2                HAL_TIM_Base_MspInit
 *fill*         0x080076f6        0x2 
 .text.HAL_TIM_Base_Start_IT
                0x080076f8       0xe0 ./Drivers/STM32F4xx_HAL_Driver/Src/stm32f4xx_hal_tim.o
                0x080076f8                HAL_TIM_Base_Start_IT
 .text.HAL_TIM_IRQHandler
                0x080077d8      0x1e0 ./Drivers/STM32F4xx_HAL_Driver/Src/stm32f4xx_hal_tim.o
                0x080077d8                HAL_TIM_IRQHandler
 .text.HAL_TIM_OC_DelayElapsedCallback
                0x080079b8       0x14 ./Drivers/STM32F4xx_HAL_Driver/Src/stm32f4xx_hal_tim.o
                0x080079b8                HAL_TIM_OC_DelayElapsedCallback
 .text.HAL_TIM_IC_CaptureCallback
                0x080079cc       0x14 ./Drivers/STM32F4xx_HAL_Driver/Src/stm32f4xx_hal_tim.o
                0x080079cc                HAL_TIM_IC_CaptureCallback
 .text.HAL_TIM_PWM_PulseFinishedCallback
                0x080079e0       0x14 ./Drivers/STM32F4xx_HAL_Driver/Src/stm32f4xx_hal_tim.o
                0x080079e0                HAL_TIM_PWM_PulseFinishedCallback
 .text.HAL_TIM_TriggerCallback
                0x080079f4       0x14 ./Drivers/STM32F4xx_HAL_Driver/Src/stm32f4xx_hal_tim.o
                0x080079f4                HAL_TIM_TriggerCallback
 .text.TIM_Base_SetConfig
                0x08007a08      0x14c ./Drivers/STM32F4xx_HAL_Driver/Src/stm32f4xx_hal_tim.o
                0x08007a08                TIM_Base_SetConfig
 .text.HAL_TIMEx_CommutCallback
                0x08007b54       0x14 ./Drivers/STM32F4xx_HAL_Driver/Src/stm32f4xx_hal_tim_ex.o
                0x08007b54                HAL_TIMEx_CommutCallback
 .text.HAL_TIMEx_BreakCallback
                0x08007b68       0x14 ./Drivers/STM32F4xx_HAL_Driver/Src/stm32f4xx_hal_tim_ex.o
                0x08007b68                HAL_TIMEx_BreakCallback
 .text.HAL_UART_Init
                0x08007b7c       0xa0 ./Drivers/STM32F4xx_HAL_Driver/Src/stm32f4xx_hal_uart.o
                0x08007b7c                HAL_UART_Init
 .text.HAL_UART_Transmit
                0x08007c1c      0x116 ./Drivers/STM32F4xx_HAL_Driver/Src/stm32f4xx_hal_uart.o
                0x08007c1c                HAL_UART_Transmit
 .text.HAL_UART_Receive
                0x08007d32      0x12e ./Drivers/STM32F4xx_HAL_Driver/Src/stm32f4xx_hal_uart.o
                0x08007d32                HAL_UART_Receive
 .text.HAL_UART_Receive_IT
                0x08007e60       0x4a ./Drivers/STM32F4xx_HAL_Driver/Src/stm32f4xx_hal_uart.o
                0x08007e60                HAL_UART_Receive_IT
 *fill*         0x08007eaa        0x2 
 .text.HAL_UART_AbortReceive_IT
                0x08007eac      0x164 ./Drivers/STM32F4xx_HAL_Driver/Src/stm32f4xx_hal_uart.o
                0x08007eac                HAL_UART_AbortReceive_IT
 .text.HAL_UART_IRQHandler
                0x08008010      0x554 ./Drivers/STM32F4xx_HAL_Driver/Src/stm32f4xx_hal_uart.o
                0x08008010                HAL_UART_IRQHandler
 .text.HAL_UART_TxCpltCallback
                0x08008564       0x14 ./Drivers/STM32F4xx_HAL_Driver/Src/stm32f4xx_hal_uart.o
                0x08008564                HAL_UART_TxCpltCallback
 .text.HAL_UART_ErrorCallback
                0x08008578       0x14 ./Drivers/STM32F4xx_HAL_Driver/Src/stm32f4xx_hal_uart.o
                0x08008578                HAL_UART_ErrorCallback
 .text.HAL_UART_AbortReceiveCpltCallback
                0x0800858c       0x14 ./Drivers/STM32F4xx_HAL_Driver/Src/stm32f4xx_hal_uart.o
                0x0800858c                HAL_UART_AbortReceiveCpltCallback
 .text.HAL_UARTEx_RxEventCallback
                0x080085a0       0x18 ./Drivers/STM32F4xx_HAL_Driver/Src/stm32f4xx_hal_uart.o
                0x080085a0                HAL_UARTEx_RxEventCallback
 .text.UART_WaitOnFlagUntilTimeout
                0x080085b8       0xb2 ./Drivers/STM32F4xx_HAL_Driver/Src/stm32f4xx_hal_uart.o
 .text.UART_Start_Receive_IT
                0x0800866a       0x74 ./Drivers/STM32F4xx_HAL_Driver/Src/stm32f4xx_hal_uart.o
                0x0800866a                UART_Start_Receive_IT
 .text.UART_EndRxTransfer
                0x080086de       0xc6 ./Drivers/STM32F4xx_HAL_Driver/Src/stm32f4xx_hal_uart.o
 .text.UART_DMAAbortOnError
                0x080087a4       0x22 ./Drivers/STM32F4xx_HAL_Driver/Src/stm32f4xx_hal_uart.o
 .text.UART_DMARxOnlyAbortCallback
                0x080087c6       0x30 ./Drivers/STM32F4xx_HAL_Driver/Src/stm32f4xx_hal_uart.o
 .text.UART_Transmit_IT
                0x080087f6       0xa0 ./Drivers/STM32F4xx_HAL_Driver/Src/stm32f4xx_hal_uart.o
 .text.UART_EndTransmit_IT
                0x08008896       0x30 ./Drivers/STM32F4xx_HAL_Driver/Src/stm32f4xx_hal_uart.o
 .text.UART_Receive_IT
                0x080088c6      0x17c ./Drivers/STM32F4xx_HAL_Driver/Src/stm32f4xx_hal_uart.o
 *fill*         0x08008a42        0x2 
 .text.UART_SetConfig
                0x08008a44      0x4e8 ./Drivers/STM32F4xx_HAL_Driver/Src/stm32f4xx_hal_uart.o
 .text.__NVIC_SetPriority
                0x08008f2c       0x54 ./Middlewares/Third_Party/FreeRTOS/Source/CMSIS_RTOS_V2/cmsis_os2.o
 .text.SysTick_Handler
                0x08008f80       0x20 ./Middlewares/Third_Party/FreeRTOS/Source/CMSIS_RTOS_V2/cmsis_os2.o
                0x08008f80                SysTick_Handler
 .text.SVC_Setup
                0x08008fa0       0x12 ./Middlewares/Third_Party/FreeRTOS/Source/CMSIS_RTOS_V2/cmsis_os2.o
 *fill*         0x08008fb2        0x2 
 .text.osKernelInitialize
                0x08008fb4       0x48 ./Middlewares/Third_Party/FreeRTOS/Source/CMSIS_RTOS_V2/cmsis_os2.o
                0x08008fb4                osKernelInitialize
 .text.osKernelStart
                0x08008ffc       0x4c ./Middlewares/Third_Party/FreeRTOS/Source/CMSIS_RTOS_V2/cmsis_os2.o
                0x08008ffc                osKernelStart
 .text.osThreadNew
                0x08009048      0x124 ./Middlewares/Third_Party/FreeRTOS/Source/CMSIS_RTOS_V2/cmsis_os2.o
                0x08009048                osThreadNew
 .text.osDelay  0x0800916c       0x36 ./Middlewares/Third_Party/FreeRTOS/Source/CMSIS_RTOS_V2/cmsis_os2.o
                0x0800916c                osDelay
 *fill*         0x080091a2        0x2 
 .text.vApplicationGetIdleTaskMemory
                0x080091a4       0x34 ./Middlewares/Third_Party/FreeRTOS/Source/CMSIS_RTOS_V2/cmsis_os2.o
                0x080091a4                vApplicationGetIdleTaskMemory
 .text.vApplicationGetTimerTaskMemory
                0x080091d8       0x34 ./Middlewares/Third_Party/FreeRTOS/Source/CMSIS_RTOS_V2/cmsis_os2.o
                0x080091d8                vApplicationGetTimerTaskMemory
 .text.vListInitialise
                0x0800920c       0x40 ./Middlewares/Third_Party/FreeRTOS/Source/list.o
                0x0800920c                vListInitialise
 .text.vListInitialiseItem
                0x0800924c       0x1a ./Middlewares/Third_Party/FreeRTOS/Source/list.o
                0x0800924c                vListInitialiseItem
 .text.vListInsertEnd
                0x08009266       0x48 ./Middlewares/Third_Party/FreeRTOS/Source/list.o
                0x08009266                vListInsertEnd
 .text.vListInsert
                0x080092ae       0x72 ./Middlewares/Third_Party/FreeRTOS/Source/list.o
                0x080092ae                vListInsert
 .text.uxListRemove
                0x08009320       0x54 ./Middlewares/Third_Party/FreeRTOS/Source/list.o
                0x08009320                uxListRemove
 .text.xQueueGenericReset
                0x08009374       0xd4 ./Middlewares/Third_Party/FreeRTOS/Source/queue.o
                0x08009374                xQueueGenericReset
 .text.xQueueGenericCreateStatic
                0x08009448       0xfa ./Middlewares/Third_Party/FreeRTOS/Source/queue.o
                0x08009448                xQueueGenericCreateStatic
 .text.xQueueGenericCreate
                0x08009542       0x76 ./Middlewares/Third_Party/FreeRTOS/Source/queue.o
                0x08009542                xQueueGenericCreate
 .text.prvInitialiseNewQueue
                0x080095b8       0x46 ./Middlewares/Third_Party/FreeRTOS/Source/queue.o
 *fill*         0x080095fe        0x2 
 .text.xQueueGenericSend
                0x08009600      0x204 ./Middlewares/Third_Party/FreeRTOS/Source/queue.o
                0x08009600                xQueueGenericSend
 .text.xQueueGenericSendFromISR
                0x08009804      0x13c ./Middlewares/Third_Party/FreeRTOS/Source/queue.o
                0x08009804                xQueueGenericSendFromISR
 .text.xQueueReceive
                0x08009940      0x1c4 ./Middlewares/Third_Party/FreeRTOS/Source/queue.o
                0x08009940                xQueueReceive
 .text.xQueueSemaphoreTake
                0x08009b04      0x220 ./Middlewares/Third_Party/FreeRTOS/Source/queue.o
                0x08009b04                xQueueSemaphoreTake
 .text.prvGetDisinheritPriorityAfterTimeout
                0x08009d24       0x30 ./Middlewares/Third_Party/FreeRTOS/Source/queue.o
 .text.prvCopyDataToQueue
                0x08009d54       0xd4 ./Middlewares/Third_Party/FreeRTOS/Source/queue.o
 .text.prvCopyDataFromQueue
                0x08009e28       0x4c ./Middlewares/Third_Party/FreeRTOS/Source/queue.o
 .text.prvUnlockQueue
                0x08009e74       0xa4 ./Middlewares/Third_Party/FreeRTOS/Source/queue.o
 .text.prvIsQueueEmpty
                0x08009f18       0x2c ./Middlewares/Third_Party/FreeRTOS/Source/queue.o
 .text.prvIsQueueFull
                0x08009f44       0x30 ./Middlewares/Third_Party/FreeRTOS/Source/queue.o
 .text.vQueueAddToRegistry
                0x08009f74       0x54 ./Middlewares/Third_Party/FreeRTOS/Source/queue.o
                0x08009f74                vQueueAddToRegistry
 .text.vQueueWaitForMessageRestricted
                0x08009fc8       0x68 ./Middlewares/Third_Party/FreeRTOS/Source/queue.o
                0x08009fc8                vQueueWaitForMessageRestricted
 .text.xTaskCreateStatic
                0x0800a030       0xc0 ./Middlewares/Third_Party/FreeRTOS/Source/tasks.o
                0x0800a030                xTaskCreateStatic
 .text.xTaskCreate
                0x0800a0f0       0x8a ./Middlewares/Third_Party/FreeRTOS/Source/tasks.o
                0x0800a0f0                xTaskCreate
 *fill*         0x0800a17a        0x2 
 .text.prvInitialiseNewTask
                0x0800a17c      0x150 ./Middlewares/Third_Party/FreeRTOS/Source/tasks.o
 .text.prvAddNewTaskToReadyList
                0x0800a2cc       0xe0 ./Middlewares/Third_Party/FreeRTOS/Source/tasks.o
 .text.vTaskDelay
                0x0800a3ac       0x6c ./Middlewares/Third_Party/FreeRTOS/Source/tasks.o
                0x0800a3ac                vTaskDelay
 .text.vTaskStartScheduler
                0x0800a418       0xe0 ./Middlewares/Third_Party/FreeRTOS/Source/tasks.o
                0x0800a418                vTaskStartScheduler
 .text.vTaskSuspendAll
                0x0800a4f8       0x1c ./Middlewares/Third_Party/FreeRTOS/Source/tasks.o
                0x0800a4f8                vTaskSuspendAll
 .text.xTaskResumeAll
                0x0800a514      0x13c ./Middlewares/Third_Party/FreeRTOS/Source/tasks.o
                0x0800a514                xTaskResumeAll
 .text.xTaskGetTickCount
                0x0800a650       0x20 ./Middlewares/Third_Party/FreeRTOS/Source/tasks.o
                0x0800a650                xTaskGetTickCount
 .text.xTaskIncrementTick
                0x0800a670      0x174 ./Middlewares/Third_Party/FreeRTOS/Source/tasks.o
                0x0800a670                xTaskIncrementTick
 .text.vTaskSwitchContext
                0x0800a7e4       0xcc ./Middlewares/Third_Party/FreeRTOS/Source/tasks.o
                0x0800a7e4                vTaskSwitchContext
 .text.vTaskPlaceOnEventList
                0x0800a8b0       0x4c ./Middlewares/Third_Party/FreeRTOS/Source/tasks.o
                0x0800a8b0                vTaskPlaceOnEventList
 .text.vTaskPlaceOnEventListRestricted
                0x0800a8fc       0x58 ./Middlewares/Third_Party/FreeRTOS/Source/tasks.o
                0x0800a8fc                vTaskPlaceOnEventListRestricted
 .text.xTaskRemoveFromEventList
                0x0800a954       0xc8 ./Middlewares/Third_Party/FreeRTOS/Source/tasks.o
                0x0800a954                xTaskRemoveFromEventList
 .text.vTaskInternalSetTimeOutState
                0x0800aa1c       0x2c ./Middlewares/Third_Party/FreeRTOS/Source/tasks.o
                0x0800aa1c                vTaskInternalSetTimeOutState
 .text.xTaskCheckForTimeOut
                0x0800aa48       0xc8 ./Middlewares/Third_Party/FreeRTOS/Source/tasks.o
                0x0800aa48                xTaskCheckForTimeOut
 .text.vTaskMissedYield
                0x0800ab10       0x18 ./Middlewares/Third_Party/FreeRTOS/Source/tasks.o
                0x0800ab10                vTaskMissedYield
 .text.prvIdleTask
                0x0800ab28       0x30 ./Middlewares/Third_Party/FreeRTOS/Source/tasks.o
 .text.prvInitialiseTaskLists
                0x0800ab58       0x80 ./Middlewares/Third_Party/FreeRTOS/Source/tasks.o
 .text.prvCheckTasksWaitingTermination
                0x0800abd8       0x5c ./Middlewares/Third_Party/FreeRTOS/Source/tasks.o
 .text.prvDeleteTCB
                0x0800ac34       0x6a ./Middlewares/Third_Party/FreeRTOS/Source/tasks.o
 *fill*         0x0800ac9e        0x2 
 .text.prvResetNextTaskUnblockTime
                0x0800aca0       0x40 ./Middlewares/Third_Party/FreeRTOS/Source/tasks.o
 .text.xTaskGetSchedulerState
                0x0800ace0       0x3c ./Middlewares/Third_Party/FreeRTOS/Source/tasks.o
                0x0800ace0                xTaskGetSchedulerState
 .text.xTaskPriorityInherit
                0x0800ad1c       0xd0 ./Middlewares/Third_Party/FreeRTOS/Source/tasks.o
                0x0800ad1c                xTaskPriorityInherit
 .text.xTaskPriorityDisinherit
                0x0800adec       0xe0 ./Middlewares/Third_Party/FreeRTOS/Source/tasks.o
                0x0800adec                xTaskPriorityDisinherit
 .text.vTaskPriorityDisinheritAfterTimeout
                0x0800aecc      0x108 ./Middlewares/Third_Party/FreeRTOS/Source/tasks.o
                0x0800aecc                vTaskPriorityDisinheritAfterTimeout
 .text.pvTaskIncrementMutexHeldCount
                0x0800afd4       0x28 ./Middlewares/Third_Party/FreeRTOS/Source/tasks.o
                0x0800afd4                pvTaskIncrementMutexHeldCount
 .text.xTaskNotifyWait
                0x0800affc       0xc0 ./Middlewares/Third_Party/FreeRTOS/Source/tasks.o
                0x0800affc                xTaskNotifyWait
 .text.xTaskGenericNotifyFromISR
                0x0800b0bc      0x1cc ./Middlewares/Third_Party/FreeRTOS/Source/tasks.o
                0x0800b0bc                xTaskGenericNotifyFromISR
 .text.prvAddCurrentTaskToDelayedList
                0x0800b288       0xa8 ./Middlewares/Third_Party/FreeRTOS/Source/tasks.o
 .text.xTimerCreateTimerTask
                0x0800b330       0x94 ./Middlewares/Third_Party/FreeRTOS/Source/timers.o
                0x0800b330                xTimerCreateTimerTask
 .text.xTimerGenericCommand
                0x0800b3c4       0x9c ./Middlewares/Third_Party/FreeRTOS/Source/timers.o
                0x0800b3c4                xTimerGenericCommand
 .text.prvProcessExpiredTimer
                0x0800b460       0x9c ./Middlewares/Third_Party/FreeRTOS/Source/timers.o
 .text.prvTimerTask
                0x0800b4fc       0x26 ./Middlewares/Third_Party/FreeRTOS/Source/timers.o
 *fill*         0x0800b522        0x2 
 .text.prvProcessTimerOrBlockTask
                0x0800b524       0x9c ./Middlewares/Third_Party/FreeRTOS/Source/timers.o
 .text.prvGetNextExpireTime
                0x0800b5c0       0x48 ./Middlewares/Third_Party/FreeRTOS/Source/timers.o
 .text.prvSampleTimeNow
                0x0800b608       0x40 ./Middlewares/Third_Party/FreeRTOS/Source/timers.o
 .text.prvInsertTimerInActiveList
                0x0800b648       0x84 ./Middlewares/Third_Party/FreeRTOS/Source/timers.o
 .text.prvProcessReceivedCommands
                0x0800b6cc      0x1cc ./Middlewares/Third_Party/FreeRTOS/Source/timers.o
 .text.prvSwitchTimerLists
                0x0800b898       0xcc ./Middlewares/Third_Party/FreeRTOS/Source/timers.o
 .text.prvCheckForValidListAndQueue
                0x0800b964       0x80 ./Middlewares/Third_Party/FreeRTOS/Source/timers.o
 .text.pxPortInitialiseStack
                0x0800b9e4       0x68 ./Middlewares/Third_Party/FreeRTOS/Source/portable/GCC/ARM_CM4F/port.o
                0x0800b9e4                pxPortInitialiseStack
 .text.prvTaskExitError
                0x0800ba4c       0x5c ./Middlewares/Third_Party/FreeRTOS/Source/portable/GCC/ARM_CM4F/port.o
 *fill*         0x0800baa8        0x8 
 .text.SVC_Handler
                0x0800bab0       0x28 ./Middlewares/Third_Party/FreeRTOS/Source/portable/GCC/ARM_CM4F/port.o
                0x0800bab0                SVC_Handler
 .text.prvPortStartFirstTask
                0x0800bad8       0x28 ./Middlewares/Third_Party/FreeRTOS/Source/portable/GCC/ARM_CM4F/port.o
 .text.xPortStartScheduler
                0x0800bb00      0x148 ./Middlewares/Third_Party/FreeRTOS/Source/portable/GCC/ARM_CM4F/port.o
                0x0800bb00                xPortStartScheduler
 .text.vPortEnterCritical
                0x0800bc48       0x64 ./Middlewares/Third_Party/FreeRTOS/Source/portable/GCC/ARM_CM4F/port.o
                0x0800bc48                vPortEnterCritical
 .text.vPortExitCritical
                0x0800bcac       0x54 ./Middlewares/Third_Party/FreeRTOS/Source/portable/GCC/ARM_CM4F/port.o
                0x0800bcac                vPortExitCritical
 .text.PendSV_Handler
                0x0800bd00       0x68 ./Middlewares/Third_Party/FreeRTOS/Source/portable/GCC/ARM_CM4F/port.o
                0x0800bd00                PendSV_Handler
 .text.xPortSysTickHandler
                0x0800bd68       0x44 ./Middlewares/Third_Party/FreeRTOS/Source/portable/GCC/ARM_CM4F/port.o
                0x0800bd68                xPortSysTickHandler
 .text.vPortSetupTimerInterrupt
                0x0800bdac       0x48 ./Middlewares/Third_Party/FreeRTOS/Source/portable/GCC/ARM_CM4F/port.o
                0x0800bdac                vPortSetupTimerInterrupt
 .text.vPortEnableVFP
                0x0800bdf4       0x14 ./Middlewares/Third_Party/FreeRTOS/Source/portable/GCC/ARM_CM4F/port.o
 .text.vPortValidateInterruptPriority
                0x0800be08       0x84 ./Middlewares/Third_Party/FreeRTOS/Source/portable/GCC/ARM_CM4F/port.o
                0x0800be08                vPortValidateInterruptPriority
 .text.pvPortMalloc
                0x0800be8c      0x19c ./Middlewares/Third_Party/FreeRTOS/Source/portable/MemMang/heap_4.o
                0x0800be8c                pvPortMalloc
 .text.vPortFree
                0x0800c028       0xc8 ./Middlewares/Third_Party/FreeRTOS/Source/portable/MemMang/heap_4.o
                0x0800c028                vPortFree
 .text.prvHeapInit
                0x0800c0f0       0xc4 ./Middlewares/Third_Party/FreeRTOS/Source/portable/MemMang/heap_4.o
 .text.prvInsertBlockIntoFreeList
                0x0800c1b4       0xb4 ./Middlewares/Third_Party/FreeRTOS/Source/portable/MemMang/heap_4.o
 .text.__cvt    0x0800c268       0xca C:/ST/STM32CubeIDE_1.17.0/STM32CubeIDE/plugins/com.st.stm32cube.ide.mcu.externaltools.gnu-tools-for-stm32.13.3.rel1.win32_1.0.0.202411081344/tools/bin/../lib/gcc/arm-none-eabi/13.3.1/../../../../arm-none-eabi/lib/thumb/v7e-m+fp/hard\libc_nano.a(libc_a-nano-vfprintf_float.o)
                0x0800c268                __cvt
 .text.__exponent
                0x0800c332       0x74 C:/ST/STM32CubeIDE_1.17.0/STM32CubeIDE/plugins/com.st.stm32cube.ide.mcu.externaltools.gnu-tools-for-stm32.13.3.rel1.win32_1.0.0.202411081344/tools/bin/../lib/gcc/arm-none-eabi/13.3.1/../../../../arm-none-eabi/lib/thumb/v7e-m+fp/hard\libc_nano.a(libc_a-nano-vfprintf_float.o)
                0x0800c332                __exponent
 *fill*         0x0800c3a6        0x2 
 .text._printf_float
                0x0800c3a8      0x454 C:/ST/STM32CubeIDE_1.17.0/STM32CubeIDE/plugins/com.st.stm32cube.ide.mcu.externaltools.gnu-tools-for-stm32.13.3.rel1.win32_1.0.0.202411081344/tools/bin/../lib/gcc/arm-none-eabi/13.3.1/../../../../arm-none-eabi/lib/thumb/v7e-m+fp/hard\libc_nano.a(libc_a-nano-vfprintf_float.o)
                0x0800c3a8                _printf_float
 .text._printf_common
                0x0800c7fc       0xda C:/ST/STM32CubeIDE_1.17.0/STM32CubeIDE/plugins/com.st.stm32cube.ide.mcu.externaltools.gnu-tools-for-stm32.13.3.rel1.win32_1.0.0.202411081344/tools/bin/../lib/gcc/arm-none-eabi/13.3.1/../../../../arm-none-eabi/lib/thumb/v7e-m+fp/hard\libc_nano.a(libc_a-nano-vfprintf_i.o)
                0x0800c7fc                _printf_common
 *fill*         0x0800c8d6        0x2 
 .text._printf_i
                0x0800c8d8      0x23c C:/ST/STM32CubeIDE_1.17.0/STM32CubeIDE/plugins/com.st.stm32cube.ide.mcu.externaltools.gnu-tools-for-stm32.13.3.rel1.win32_1.0.0.202411081344/tools/bin/../lib/gcc/arm-none-eabi/13.3.1/../../../../arm-none-eabi/lib/thumb/v7e-m+fp/hard\libc_nano.a(libc_a-nano-vfprintf_i.o)
                0x0800c8d8                _printf_i
 .text.std      0x0800cb14       0x6c C:/ST/STM32CubeIDE_1.17.0/STM32CubeIDE/plugins/com.st.stm32cube.ide.mcu.externaltools.gnu-tools-for-stm32.13.3.rel1.win32_1.0.0.202411081344/tools/bin/../lib/gcc/arm-none-eabi/13.3.1/../../../../arm-none-eabi/lib/thumb/v7e-m+fp/hard\libc_nano.a(libc_a-findfp.o)
 .text.stdio_exit_handler
                0x0800cb80       0x18 C:/ST/STM32CubeIDE_1.17.0/STM32CubeIDE/plugins/com.st.stm32cube.ide.mcu.externaltools.gnu-tools-for-stm32.13.3.rel1.win32_1.0.0.202411081344/tools/bin/../lib/gcc/arm-none-eabi/13.3.1/../../../../arm-none-eabi/lib/thumb/v7e-m+fp/hard\libc_nano.a(libc_a-findfp.o)
 .text.cleanup_stdio
                0x0800cb98       0x40 C:/ST/STM32CubeIDE_1.17.0/STM32CubeIDE/plugins/com.st.stm32cube.ide.mcu.externaltools.gnu-tools-for-stm32.13.3.rel1.win32_1.0.0.202411081344/tools/bin/../lib/gcc/arm-none-eabi/13.3.1/../../../../arm-none-eabi/lib/thumb/v7e-m+fp/hard\libc_nano.a(libc_a-findfp.o)
 .text.global_stdio_init.part.0
                0x0800cbd8       0x3c C:/ST/STM32CubeIDE_1.17.0/STM32CubeIDE/plugins/com.st.stm32cube.ide.mcu.externaltools.gnu-tools-for-stm32.13.3.rel1.win32_1.0.0.202411081344/tools/bin/../lib/gcc/arm-none-eabi/13.3.1/../../../../arm-none-eabi/lib/thumb/v7e-m+fp/hard\libc_nano.a(libc_a-findfp.o)
 .text.__sfp_lock_acquire
                0x0800cc14        0xc C:/ST/STM32CubeIDE_1.17.0/STM32CubeIDE/plugins/com.st.stm32cube.ide.mcu.externaltools.gnu-tools-for-stm32.13.3.rel1.win32_1.0.0.202411081344/tools/bin/../lib/gcc/arm-none-eabi/13.3.1/../../../../arm-none-eabi/lib/thumb/v7e-m+fp/hard\libc_nano.a(libc_a-findfp.o)
                0x0800cc14                __sfp_lock_acquire
 .text.__sfp_lock_release
                0x0800cc20        0xc C:/ST/STM32CubeIDE_1.17.0/STM32CubeIDE/plugins/com.st.stm32cube.ide.mcu.externaltools.gnu-tools-for-stm32.13.3.rel1.win32_1.0.0.202411081344/tools/bin/../lib/gcc/arm-none-eabi/13.3.1/../../../../arm-none-eabi/lib/thumb/v7e-m+fp/hard\libc_nano.a(libc_a-findfp.o)
                0x0800cc20                __sfp_lock_release
 .text.__sinit  0x0800cc2c       0x30 C:/ST/STM32CubeIDE_1.17.0/STM32CubeIDE/plugins/com.st.stm32cube.ide.mcu.externaltools.gnu-tools-for-stm32.13.3.rel1.win32_1.0.0.202411081344/tools/bin/../lib/gcc/arm-none-eabi/13.3.1/../../../../arm-none-eabi/lib/thumb/v7e-m+fp/hard\libc_nano.a(libc_a-findfp.o)
                0x0800cc2c                __sinit
 .text._fwalk_sglue
                0x0800cc5c       0x3c C:/ST/STM32CubeIDE_1.17.0/STM32CubeIDE/plugins/com.st.stm32cube.ide.mcu.externaltools.gnu-tools-for-stm32.13.3.rel1.win32_1.0.0.202411081344/tools/bin/../lib/gcc/arm-none-eabi/13.3.1/../../../../arm-none-eabi/lib/thumb/v7e-m+fp/hard\libc_nano.a(libc_a-fwalk.o)
                0x0800cc5c                _fwalk_sglue
 .text.snprintf
                0x0800cc98       0x6c C:/ST/STM32CubeIDE_1.17.0/STM32CubeIDE/plugins/com.st.stm32cube.ide.mcu.externaltools.gnu-tools-for-stm32.13.3.rel1.win32_1.0.0.202411081344/tools/bin/../lib/gcc/arm-none-eabi/13.3.1/../../../../arm-none-eabi/lib/thumb/v7e-m+fp/hard\libc_nano.a(libc_a-snprintf.o)
                0x0800cc98                sniprintf
                0x0800cc98                snprintf
 .text.__sread  0x0800cd04       0x22 C:/ST/STM32CubeIDE_1.17.0/STM32CubeIDE/plugins/com.st.stm32cube.ide.mcu.externaltools.gnu-tools-for-stm32.13.3.rel1.win32_1.0.0.202411081344/tools/bin/../lib/gcc/arm-none-eabi/13.3.1/../../../../arm-none-eabi/lib/thumb/v7e-m+fp/hard\libc_nano.a(libc_a-stdio.o)
                0x0800cd04                __sread
 .text.__swrite
                0x0800cd26       0x38 C:/ST/STM32CubeIDE_1.17.0/STM32CubeIDE/plugins/com.st.stm32cube.ide.mcu.externaltools.gnu-tools-for-stm32.13.3.rel1.win32_1.0.0.202411081344/tools/bin/../lib/gcc/arm-none-eabi/13.3.1/../../../../arm-none-eabi/lib/thumb/v7e-m+fp/hard\libc_nano.a(libc_a-stdio.o)
                0x0800cd26                __swrite
 .text.__sseek  0x0800cd5e       0x24 C:/ST/STM32CubeIDE_1.17.0/STM32CubeIDE/plugins/com.st.stm32cube.ide.mcu.externaltools.gnu-tools-for-stm32.13.3.rel1.win32_1.0.0.202411081344/tools/bin/../lib/gcc/arm-none-eabi/13.3.1/../../../../arm-none-eabi/lib/thumb/v7e-m+fp/hard\libc_nano.a(libc_a-stdio.o)
                0x0800cd5e                __sseek
 .text.__sclose
                0x0800cd82        0x8 C:/ST/STM32CubeIDE_1.17.0/STM32CubeIDE/plugins/com.st.stm32cube.ide.mcu.externaltools.gnu-tools-for-stm32.13.3.rel1.win32_1.0.0.202411081344/tools/bin/../lib/gcc/arm-none-eabi/13.3.1/../../../../arm-none-eabi/lib/thumb/v7e-m+fp/hard\libc_nano.a(libc_a-stdio.o)
                0x0800cd82                __sclose
 .text.memset   0x0800cd8a       0x10 C:/ST/STM32CubeIDE_1.17.0/STM32CubeIDE/plugins/com.st.stm32cube.ide.mcu.externaltools.gnu-tools-for-stm32.13.3.rel1.win32_1.0.0.202411081344/tools/bin/../lib/gcc/arm-none-eabi/13.3.1/../../../../arm-none-eabi/lib/thumb/v7e-m+fp/hard\libc_nano.a(libc_a-memset.o)
                0x0800cd8a                memset
 *fill*         0x0800cd9a        0x2 
 .text._localeconv_r
                0x0800cd9c        0x8 C:/ST/STM32CubeIDE_1.17.0/STM32CubeIDE/plugins/com.st.stm32cube.ide.mcu.externaltools.gnu-tools-for-stm32.13.3.rel1.win32_1.0.0.202411081344/tools/bin/../lib/gcc/arm-none-eabi/13.3.1/../../../../arm-none-eabi/lib/thumb/v7e-m+fp/hard\libc_nano.a(libc_a-localeconv.o)
                0x0800cd9c                _localeconv_r
 .text._close_r
                0x0800cda4       0x20 C:/ST/STM32CubeIDE_1.17.0/STM32CubeIDE/plugins/com.st.stm32cube.ide.mcu.externaltools.gnu-tools-for-stm32.13.3.rel1.win32_1.0.0.202411081344/tools/bin/../lib/gcc/arm-none-eabi/13.3.1/../../../../arm-none-eabi/lib/thumb/v7e-m+fp/hard\libc_nano.a(libc_a-closer.o)
                0x0800cda4                _close_r
 .text._reclaim_reent
                0x0800cdc4       0xbc C:/ST/STM32CubeIDE_1.17.0/STM32CubeIDE/plugins/com.st.stm32cube.ide.mcu.externaltools.gnu-tools-for-stm32.13.3.rel1.win32_1.0.0.202411081344/tools/bin/../lib/gcc/arm-none-eabi/13.3.1/../../../../arm-none-eabi/lib/thumb/v7e-m+fp/hard\libc_nano.a(libc_a-reent.o)
                0x0800cdc4                _reclaim_reent
 .text._lseek_r
                0x0800ce80       0x24 C:/ST/STM32CubeIDE_1.17.0/STM32CubeIDE/plugins/com.st.stm32cube.ide.mcu.externaltools.gnu-tools-for-stm32.13.3.rel1.win32_1.0.0.202411081344/tools/bin/../lib/gcc/arm-none-eabi/13.3.1/../../../../arm-none-eabi/lib/thumb/v7e-m+fp/hard\libc_nano.a(libc_a-lseekr.o)
                0x0800ce80                _lseek_r
 .text._read_r  0x0800cea4       0x24 C:/ST/STM32CubeIDE_1.17.0/STM32CubeIDE/plugins/com.st.stm32cube.ide.mcu.externaltools.gnu-tools-for-stm32.13.3.rel1.win32_1.0.0.202411081344/tools/bin/../lib/gcc/arm-none-eabi/13.3.1/../../../../arm-none-eabi/lib/thumb/v7e-m+fp/hard\libc_nano.a(libc_a-readr.o)
                0x0800cea4                _read_r
 .text._write_r
                0x0800cec8       0x24 C:/ST/STM32CubeIDE_1.17.0/STM32CubeIDE/plugins/com.st.stm32cube.ide.mcu.externaltools.gnu-tools-for-stm32.13.3.rel1.win32_1.0.0.202411081344/tools/bin/../lib/gcc/arm-none-eabi/13.3.1/../../../../arm-none-eabi/lib/thumb/v7e-m+fp/hard\libc_nano.a(libc_a-writer.o)
                0x0800cec8                _write_r
 .text.__errno  0x0800ceec        0xc C:/ST/STM32CubeIDE_1.17.0/STM32CubeIDE/plugins/com.st.stm32cube.ide.mcu.externaltools.gnu-tools-for-stm32.13.3.rel1.win32_1.0.0.202411081344/tools/bin/../lib/gcc/arm-none-eabi/13.3.1/../../../../arm-none-eabi/lib/thumb/v7e-m+fp/hard\libc_nano.a(libc_a-errno.o)
                0x0800ceec                __errno
 .text.__libc_init_array
                0x0800cef8       0x48 C:/ST/STM32CubeIDE_1.17.0/STM32CubeIDE/plugins/com.st.stm32cube.ide.mcu.externaltools.gnu-tools-for-stm32.13.3.rel1.win32_1.0.0.202411081344/tools/bin/../lib/gcc/arm-none-eabi/13.3.1/../../../../arm-none-eabi/lib/thumb/v7e-m+fp/hard\libc_nano.a(libc_a-init.o)
                0x0800cef8                __libc_init_array
 .text.__retarget_lock_init_recursive
                0x0800cf40        0x2 C:/ST/STM32CubeIDE_1.17.0/STM32CubeIDE/plugins/com.st.stm32cube.ide.mcu.externaltools.gnu-tools-for-stm32.13.3.rel1.win32_1.0.0.202411081344/tools/bin/../lib/gcc/arm-none-eabi/13.3.1/../../../../arm-none-eabi/lib/thumb/v7e-m+fp/hard\libc_nano.a(libc_a-lock.o)
                0x0800cf40                __retarget_lock_init_recursive
 .text.__retarget_lock_acquire_recursive
                0x0800cf42        0x2 C:/ST/STM32CubeIDE_1.17.0/STM32CubeIDE/plugins/com.st.stm32cube.ide.mcu.externaltools.gnu-tools-for-stm32.13.3.rel1.win32_1.0.0.202411081344/tools/bin/../lib/gcc/arm-none-eabi/13.3.1/../../../../arm-none-eabi/lib/thumb/v7e-m+fp/hard\libc_nano.a(libc_a-lock.o)
                0x0800cf42                __retarget_lock_acquire_recursive
 .text.__retarget_lock_release_recursive
                0x0800cf44        0x2 C:/ST/STM32CubeIDE_1.17.0/STM32CubeIDE/plugins/com.st.stm32cube.ide.mcu.externaltools.gnu-tools-for-stm32.13.3.rel1.win32_1.0.0.202411081344/tools/bin/../lib/gcc/arm-none-eabi/13.3.1/../../../../arm-none-eabi/lib/thumb/v7e-m+fp/hard\libc_nano.a(libc_a-lock.o)
                0x0800cf44                __retarget_lock_release_recursive
 .text.memcpy   0x0800cf46       0x1c C:/ST/STM32CubeIDE_1.17.0/STM32CubeIDE/plugins/com.st.stm32cube.ide.mcu.externaltools.gnu-tools-for-stm32.13.3.rel1.win32_1.0.0.202411081344/tools/bin/../lib/gcc/arm-none-eabi/13.3.1/../../../../arm-none-eabi/lib/thumb/v7e-m+fp/hard\libc_nano.a(libc_a-memcpy-stub.o)
                0x0800cf46                memcpy
 .text.quorem   0x0800cf62      0x110 C:/ST/STM32CubeIDE_1.17.0/STM32CubeIDE/plugins/com.st.stm32cube.ide.mcu.externaltools.gnu-tools-for-stm32.13.3.rel1.win32_1.0.0.202411081344/tools/bin/../lib/gcc/arm-none-eabi/13.3.1/../../../../arm-none-eabi/lib/thumb/v7e-m+fp/hard\libc_nano.a(libc_a-dtoa.o)
 *fill*         0x0800d072        0x6 
 .text._dtoa_r  0x0800d078      0xba0 C:/ST/STM32CubeIDE_1.17.0/STM32CubeIDE/plugins/com.st.stm32cube.ide.mcu.externaltools.gnu-tools-for-stm32.13.3.rel1.win32_1.0.0.202411081344/tools/bin/../lib/gcc/arm-none-eabi/13.3.1/../../../../arm-none-eabi/lib/thumb/v7e-m+fp/hard\libc_nano.a(libc_a-dtoa.o)
                0x0800d078                _dtoa_r
 .text._free_r  0x0800dc18       0x94 C:/ST/STM32CubeIDE_1.17.0/STM32CubeIDE/plugins/com.st.stm32cube.ide.mcu.externaltools.gnu-tools-for-stm32.13.3.rel1.win32_1.0.0.202411081344/tools/bin/../lib/gcc/arm-none-eabi/13.3.1/../../../../arm-none-eabi/lib/thumb/v7e-m+fp/hard\libc_nano.a(libc_a-freer.o)
                0x0800dc18                _free_r
 .text.malloc   0x0800dcac       0x10 C:/ST/STM32CubeIDE_1.17.0/STM32CubeIDE/plugins/com.st.stm32cube.ide.mcu.externaltools.gnu-tools-for-stm32.13.3.rel1.win32_1.0.0.202411081344/tools/bin/../lib/gcc/arm-none-eabi/13.3.1/../../../../arm-none-eabi/lib/thumb/v7e-m+fp/hard\libc_nano.a(libc_a-malloc.o)
                0x0800dcac                malloc
 .text.sbrk_aligned
                0x0800dcbc       0x44 C:/ST/STM32CubeIDE_1.17.0/STM32CubeIDE/plugins/com.st.stm32cube.ide.mcu.externaltools.gnu-tools-for-stm32.13.3.rel1.win32_1.0.0.202411081344/tools/bin/../lib/gcc/arm-none-eabi/13.3.1/../../../../arm-none-eabi/lib/thumb/v7e-m+fp/hard\libc_nano.a(libc_a-mallocr.o)
 .text._malloc_r
                0x0800dd00      0x100 C:/ST/STM32CubeIDE_1.17.0/STM32CubeIDE/plugins/com.st.stm32cube.ide.mcu.externaltools.gnu-tools-for-stm32.13.3.rel1.win32_1.0.0.202411081344/tools/bin/../lib/gcc/arm-none-eabi/13.3.1/../../../../arm-none-eabi/lib/thumb/v7e-m+fp/hard\libc_nano.a(libc_a-mallocr.o)
                0x0800dd00                _malloc_r
 .text.__malloc_lock
                0x0800de00        0xc C:/ST/STM32CubeIDE_1.17.0/STM32CubeIDE/plugins/com.st.stm32cube.ide.mcu.externaltools.gnu-tools-for-stm32.13.3.rel1.win32_1.0.0.202411081344/tools/bin/../lib/gcc/arm-none-eabi/13.3.1/../../../../arm-none-eabi/lib/thumb/v7e-m+fp/hard\libc_nano.a(libc_a-mlock.o)
                0x0800de00                __malloc_lock
 .text.__malloc_unlock
                0x0800de0c        0xc C:/ST/STM32CubeIDE_1.17.0/STM32CubeIDE/plugins/com.st.stm32cube.ide.mcu.externaltools.gnu-tools-for-stm32.13.3.rel1.win32_1.0.0.202411081344/tools/bin/../lib/gcc/arm-none-eabi/13.3.1/../../../../arm-none-eabi/lib/thumb/v7e-m+fp/hard\libc_nano.a(libc_a-mlock.o)
                0x0800de0c                __malloc_unlock
 .text._Balloc  0x0800de18       0x80 C:/ST/STM32CubeIDE_1.17.0/STM32CubeIDE/plugins/com.st.stm32cube.ide.mcu.externaltools.gnu-tools-for-stm32.13.3.rel1.win32_1.0.0.202411081344/tools/bin/../lib/gcc/arm-none-eabi/13.3.1/../../../../arm-none-eabi/lib/thumb/v7e-m+fp/hard\libc_nano.a(libc_a-mprec.o)
                0x0800de18                _Balloc
 .text._Bfree   0x0800de98       0x44 C:/ST/STM32CubeIDE_1.17.0/STM32CubeIDE/plugins/com.st.stm32cube.ide.mcu.externaltools.gnu-tools-for-stm32.13.3.rel1.win32_1.0.0.202411081344/tools/bin/../lib/gcc/arm-none-eabi/13.3.1/../../../../arm-none-eabi/lib/thumb/v7e-m+fp/hard\libc_nano.a(libc_a-mprec.o)
                0x0800de98                _Bfree
 .text.__multadd
                0x0800dedc       0x8c C:/ST/STM32CubeIDE_1.17.0/STM32CubeIDE/plugins/com.st.stm32cube.ide.mcu.externaltools.gnu-tools-for-stm32.13.3.rel1.win32_1.0.0.202411081344/tools/bin/../lib/gcc/arm-none-eabi/13.3.1/../../../../arm-none-eabi/lib/thumb/v7e-m+fp/hard\libc_nano.a(libc_a-mprec.o)
                0x0800dedc                __multadd
 .text.__hi0bits
                0x0800df68       0x3e C:/ST/STM32CubeIDE_1.17.0/STM32CubeIDE/plugins/com.st.stm32cube.ide.mcu.externaltools.gnu-tools-for-stm32.13.3.rel1.win32_1.0.0.202411081344/tools/bin/../lib/gcc/arm-none-eabi/13.3.1/../../../../arm-none-eabi/lib/thumb/v7e-m+fp/hard\libc_nano.a(libc_a-mprec.o)
                0x0800df68                __hi0bits
 .text.__lo0bits
                0x0800dfa6       0x5a C:/ST/STM32CubeIDE_1.17.0/STM32CubeIDE/plugins/com.st.stm32cube.ide.mcu.externaltools.gnu-tools-for-stm32.13.3.rel1.win32_1.0.0.202411081344/tools/bin/../lib/gcc/arm-none-eabi/13.3.1/../../../../arm-none-eabi/lib/thumb/v7e-m+fp/hard\libc_nano.a(libc_a-mprec.o)
                0x0800dfa6                __lo0bits
 .text.__i2b    0x0800e000       0x2c C:/ST/STM32CubeIDE_1.17.0/STM32CubeIDE/plugins/com.st.stm32cube.ide.mcu.externaltools.gnu-tools-for-stm32.13.3.rel1.win32_1.0.0.202411081344/tools/bin/../lib/gcc/arm-none-eabi/13.3.1/../../../../arm-none-eabi/lib/thumb/v7e-m+fp/hard\libc_nano.a(libc_a-mprec.o)
                0x0800e000                __i2b
 .text.__multiply
                0x0800e02c      0x144 C:/ST/STM32CubeIDE_1.17.0/STM32CubeIDE/plugins/com.st.stm32cube.ide.mcu.externaltools.gnu-tools-for-stm32.13.3.rel1.win32_1.0.0.202411081344/tools/bin/../lib/gcc/arm-none-eabi/13.3.1/../../../../arm-none-eabi/lib/thumb/v7e-m+fp/hard\libc_nano.a(libc_a-mprec.o)
                0x0800e02c                __multiply
 .text.__pow5mult
                0x0800e170       0xb4 C:/ST/STM32CubeIDE_1.17.0/STM32CubeIDE/plugins/com.st.stm32cube.ide.mcu.externaltools.gnu-tools-for-stm32.13.3.rel1.win32_1.0.0.202411081344/tools/bin/../lib/gcc/arm-none-eabi/13.3.1/../../../../arm-none-eabi/lib/thumb/v7e-m+fp/hard\libc_nano.a(libc_a-mprec.o)
                0x0800e170                __pow5mult
 .text.__lshift
                0x0800e224       0xd8 C:/ST/STM32CubeIDE_1.17.0/STM32CubeIDE/plugins/com.st.stm32cube.ide.mcu.externaltools.gnu-tools-for-stm32.13.3.rel1.win32_1.0.0.202411081344/tools/bin/../lib/gcc/arm-none-eabi/13.3.1/../../../../arm-none-eabi/lib/thumb/v7e-m+fp/hard\libc_nano.a(libc_a-mprec.o)
                0x0800e224                __lshift
 .text.__mcmp   0x0800e2fc       0x36 C:/ST/STM32CubeIDE_1.17.0/STM32CubeIDE/plugins/com.st.stm32cube.ide.mcu.externaltools.gnu-tools-for-stm32.13.3.rel1.win32_1.0.0.202411081344/tools/bin/../lib/gcc/arm-none-eabi/13.3.1/../../../../arm-none-eabi/lib/thumb/v7e-m+fp/hard\libc_nano.a(libc_a-mprec.o)
                0x0800e2fc                __mcmp
 *fill*         0x0800e332        0x2 
 .text.__mdiff  0x0800e334      0x128 C:/ST/STM32CubeIDE_1.17.0/STM32CubeIDE/plugins/com.st.stm32cube.ide.mcu.externaltools.gnu-tools-for-stm32.13.3.rel1.win32_1.0.0.202411081344/tools/bin/../lib/gcc/arm-none-eabi/13.3.1/../../../../arm-none-eabi/lib/thumb/v7e-m+fp/hard\libc_nano.a(libc_a-mprec.o)
                0x0800e334                __mdiff
 .text.__d2b    0x0800e45c       0xb0 C:/ST/STM32CubeIDE_1.17.0/STM32CubeIDE/plugins/com.st.stm32cube.ide.mcu.externaltools.gnu-tools-for-stm32.13.3.rel1.win32_1.0.0.202411081344/tools/bin/../lib/gcc/arm-none-eabi/13.3.1/../../../../arm-none-eabi/lib/thumb/v7e-m+fp/hard\libc_nano.a(libc_a-mprec.o)
                0x0800e45c                __d2b
 .text.__ssputs_r
                0x0800e50c       0xb6 C:/ST/STM32CubeIDE_1.17.0/STM32CubeIDE/plugins/com.st.stm32cube.ide.mcu.externaltools.gnu-tools-for-stm32.13.3.rel1.win32_1.0.0.202411081344/tools/bin/../lib/gcc/arm-none-eabi/13.3.1/../../../../arm-none-eabi/lib/thumb/v7e-m+fp/hard\libc_nano.a(libc_a-nano-svfprintf.o)
                0x0800e50c                __ssputs_r
 *fill*         0x0800e5c2        0x2 
 .text._svfprintf_r
                0x0800e5c4      0x1f8 C:/ST/STM32CubeIDE_1.17.0/STM32CubeIDE/plugins/com.st.stm32cube.ide.mcu.externaltools.gnu-tools-for-stm32.13.3.rel1.win32_1.0.0.202411081344/tools/bin/../lib/gcc/arm-none-eabi/13.3.1/../../../../arm-none-eabi/lib/thumb/v7e-m+fp/hard\libc_nano.a(libc_a-nano-svfprintf.o)
                0x0800e5c4                _svfiprintf_r
                0x0800e5c4                _svfprintf_r
 .text.__sfputc_r
                0x0800e7bc       0x2e C:/ST/STM32CubeIDE_1.17.0/STM32CubeIDE/plugins/com.st.stm32cube.ide.mcu.externaltools.gnu-tools-for-stm32.13.3.rel1.win32_1.0.0.202411081344/tools/bin/../lib/gcc/arm-none-eabi/13.3.1/../../../../arm-none-eabi/lib/thumb/v7e-m+fp/hard\libc_nano.a(libc_a-nano-vfprintf.o)
 .text.__sfputs_r
                0x0800e7ea       0x24 C:/ST/STM32CubeIDE_1.17.0/STM32CubeIDE/plugins/com.st.stm32cube.ide.mcu.externaltools.gnu-tools-for-stm32.13.3.rel1.win32_1.0.0.202411081344/tools/bin/../lib/gcc/arm-none-eabi/13.3.1/../../../../arm-none-eabi/lib/thumb/v7e-m+fp/hard\libc_nano.a(libc_a-nano-vfprintf.o)
                0x0800e7ea                __sfputs_r
 *fill*         0x0800e80e        0x2 
 .text._vfprintf_r
                0x0800e810      0x230 C:/ST/STM32CubeIDE_1.17.0/STM32CubeIDE/plugins/com.st.stm32cube.ide.mcu.externaltools.gnu-tools-for-stm32.13.3.rel1.win32_1.0.0.202411081344/tools/bin/../lib/gcc/arm-none-eabi/13.3.1/../../../../arm-none-eabi/lib/thumb/v7e-m+fp/hard\libc_nano.a(libc_a-nano-vfprintf.o)
                0x0800e810                _vfprintf_r
                0x0800e810                _vfiprintf_r
 .text.__sflush_r
                0x0800ea40      0x108 C:/ST/STM32CubeIDE_1.17.0/STM32CubeIDE/plugins/com.st.stm32cube.ide.mcu.externaltools.gnu-tools-for-stm32.13.3.rel1.win32_1.0.0.202411081344/tools/bin/../lib/gcc/arm-none-eabi/13.3.1/../../../../arm-none-eabi/lib/thumb/v7e-m+fp/hard\libc_nano.a(libc_a-fflush.o)
                0x0800ea40                __sflush_r
 .text._fflush_r
                0x0800eb48       0x50 C:/ST/STM32CubeIDE_1.17.0/STM32CubeIDE/plugins/com.st.stm32cube.ide.mcu.externaltools.gnu-tools-for-stm32.13.3.rel1.win32_1.0.0.202411081344/tools/bin/../lib/gcc/arm-none-eabi/13.3.1/../../../../arm-none-eabi/lib/thumb/v7e-m+fp/hard\libc_nano.a(libc_a-fflush.o)
                0x0800eb48                _fflush_r
 .text.__swbuf_r
                0x0800eb98       0x7c C:/ST/STM32CubeIDE_1.17.0/STM32CubeIDE/plugins/com.st.stm32cube.ide.mcu.externaltools.gnu-tools-for-stm32.13.3.rel1.win32_1.0.0.202411081344/tools/bin/../lib/gcc/arm-none-eabi/13.3.1/../../../../arm-none-eabi/lib/thumb/v7e-m+fp/hard\libc_nano.a(libc_a-wbuf.o)
                0x0800eb98                __swbuf_r
 .text.__swsetup_r
                0x0800ec14       0xac C:/ST/STM32CubeIDE_1.17.0/STM32CubeIDE/plugins/com.st.stm32cube.ide.mcu.externaltools.gnu-tools-for-stm32.13.3.rel1.win32_1.0.0.202411081344/tools/bin/../lib/gcc/arm-none-eabi/13.3.1/../../../../arm-none-eabi/lib/thumb/v7e-m+fp/hard\libc_nano.a(libc_a-wsetup.o)
                0x0800ec14                __swsetup_r
 .text.memmove  0x0800ecc0       0x34 C:/ST/STM32CubeIDE_1.17.0/STM32CubeIDE/plugins/com.st.stm32cube.ide.mcu.externaltools.gnu-tools-for-stm32.13.3.rel1.win32_1.0.0.202411081344/tools/bin/../lib/gcc/arm-none-eabi/13.3.1/../../../../arm-none-eabi/lib/thumb/v7e-m+fp/hard\libc_nano.a(libc_a-memmove.o)
                0x0800ecc0                memmove
 .text._sbrk_r  0x0800ecf4       0x20 C:/ST/STM32CubeIDE_1.17.0/STM32CubeIDE/plugins/com.st.stm32cube.ide.mcu.externaltools.gnu-tools-for-stm32.13.3.rel1.win32_1.0.0.202411081344/tools/bin/../lib/gcc/arm-none-eabi/13.3.1/../../../../arm-none-eabi/lib/thumb/v7e-m+fp/hard\libc_nano.a(libc_a-sbrkr.o)
                0x0800ecf4                _sbrk_r
 .text.__assert_func
                0x0800ed14       0x3c C:/ST/STM32CubeIDE_1.17.0/STM32CubeIDE/plugins/com.st.stm32cube.ide.mcu.externaltools.gnu-tools-for-stm32.13.3.rel1.win32_1.0.0.202411081344/tools/bin/../lib/gcc/arm-none-eabi/13.3.1/../../../../arm-none-eabi/lib/thumb/v7e-m+fp/hard\libc_nano.a(libc_a-assert.o)
                0x0800ed14                __assert_func
 .text._calloc_r
                0x0800ed50       0x28 C:/ST/STM32CubeIDE_1.17.0/STM32CubeIDE/plugins/com.st.stm32cube.ide.mcu.externaltools.gnu-tools-for-stm32.13.3.rel1.win32_1.0.0.202411081344/tools/bin/../lib/gcc/arm-none-eabi/13.3.1/../../../../arm-none-eabi/lib/thumb/v7e-m+fp/hard\libc_nano.a(libc_a-callocr.o)
                0x0800ed50                _calloc_r
 .text.__ascii_mbtowc
                0x0800ed78       0x24 C:/ST/STM32CubeIDE_1.17.0/STM32CubeIDE/plugins/com.st.stm32cube.ide.mcu.externaltools.gnu-tools-for-stm32.13.3.rel1.win32_1.0.0.202411081344/tools/bin/../lib/gcc/arm-none-eabi/13.3.1/../../../../arm-none-eabi/lib/thumb/v7e-m+fp/hard\libc_nano.a(libc_a-mbtowc_r.o)
                0x0800ed78                __ascii_mbtowc
 .text._realloc_r
                0x0800ed9c       0x5c C:/ST/STM32CubeIDE_1.17.0/STM32CubeIDE/plugins/com.st.stm32cube.ide.mcu.externaltools.gnu-tools-for-stm32.13.3.rel1.win32_1.0.0.202411081344/tools/bin/../lib/gcc/arm-none-eabi/13.3.1/../../../../arm-none-eabi/lib/thumb/v7e-m+fp/hard\libc_nano.a(libc_a-reallocr.o)
                0x0800ed9c                _realloc_r
 .text.__ascii_wctomb
                0x0800edf8       0x1a C:/ST/STM32CubeIDE_1.17.0/STM32CubeIDE/plugins/com.st.stm32cube.ide.mcu.externaltools.gnu-tools-for-stm32.13.3.rel1.win32_1.0.0.202411081344/tools/bin/../lib/gcc/arm-none-eabi/13.3.1/../../../../arm-none-eabi/lib/thumb/v7e-m+fp/hard\libc_nano.a(libc_a-wctomb_r.o)
                0x0800edf8                __ascii_wctomb
 *fill*         0x0800ee12        0x2 
 .text.fprintf  0x0800ee14       0x24 C:/ST/STM32CubeIDE_1.17.0/STM32CubeIDE/plugins/com.st.stm32cube.ide.mcu.externaltools.gnu-tools-for-stm32.13.3.rel1.win32_1.0.0.202411081344/tools/bin/../lib/gcc/arm-none-eabi/13.3.1/../../../../arm-none-eabi/lib/thumb/v7e-m+fp/hard\libc_nano.a(libc_a-fprintf.o)
                0x0800ee14                fiprintf
                0x0800ee14                fprintf
 .text.__swhatbuf_r
                0x0800ee38       0x4c C:/ST/STM32CubeIDE_1.17.0/STM32CubeIDE/plugins/com.st.stm32cube.ide.mcu.externaltools.gnu-tools-for-stm32.13.3.rel1.win32_1.0.0.202411081344/tools/bin/../lib/gcc/arm-none-eabi/13.3.1/../../../../arm-none-eabi/lib/thumb/v7e-m+fp/hard\libc_nano.a(libc_a-makebuf.o)
                0x0800ee38                __swhatbuf_r
 .text.__smakebuf_r
                0x0800ee84       0x78 C:/ST/STM32CubeIDE_1.17.0/STM32CubeIDE/plugins/com.st.stm32cube.ide.mcu.externaltools.gnu-tools-for-stm32.13.3.rel1.win32_1.0.0.202411081344/tools/bin/../lib/gcc/arm-none-eabi/13.3.1/../../../../arm-none-eabi/lib/thumb/v7e-m+fp/hard\libc_nano.a(libc_a-makebuf.o)
                0x0800ee84                __smakebuf_r
 .text._fstat_r
                0x0800eefc       0x24 C:/ST/STM32CubeIDE_1.17.0/STM32CubeIDE/plugins/com.st.stm32cube.ide.mcu.externaltools.gnu-tools-for-stm32.13.3.rel1.win32_1.0.0.202411081344/tools/bin/../lib/gcc/arm-none-eabi/13.3.1/../../../../arm-none-eabi/lib/thumb/v7e-m+fp/hard\libc_nano.a(libc_a-fstatr.o)
                0x0800eefc                _fstat_r
 .text._isatty_r
                0x0800ef20       0x20 C:/ST/STM32CubeIDE_1.17.0/STM32CubeIDE/plugins/com.st.stm32cube.ide.mcu.externaltools.gnu-tools-for-stm32.13.3.rel1.win32_1.0.0.202411081344/tools/bin/../lib/gcc/arm-none-eabi/13.3.1/../../../../arm-none-eabi/lib/thumb/v7e-m+fp/hard\libc_nano.a(libc_a-isattyr.o)
                0x0800ef20                _isatty_r
 .text.abort    0x0800ef40        0xe C:/ST/STM32CubeIDE_1.17.0/STM32CubeIDE/plugins/com.st.stm32cube.ide.mcu.externaltools.gnu-tools-for-stm32.13.3.rel1.win32_1.0.0.202411081344/tools/bin/../lib/gcc/arm-none-eabi/13.3.1/../../../../arm-none-eabi/lib/thumb/v7e-m+fp/hard\libc_nano.a(libc_a-abort.o)
                0x0800ef40                abort
 .text._malloc_usable_size_r
                0x0800ef4e       0x10 C:/ST/STM32CubeIDE_1.17.0/STM32CubeIDE/plugins/com.st.stm32cube.ide.mcu.externaltools.gnu-tools-for-stm32.13.3.rel1.win32_1.0.0.202411081344/tools/bin/../lib/gcc/arm-none-eabi/13.3.1/../../../../arm-none-eabi/lib/thumb/v7e-m+fp/hard\libc_nano.a(libc_a-msizer.o)
                0x0800ef4e                _malloc_usable_size_r
 .text._raise_r
                0x0800ef5e       0x50 C:/ST/STM32CubeIDE_1.17.0/STM32CubeIDE/plugins/com.st.stm32cube.ide.mcu.externaltools.gnu-tools-for-stm32.13.3.rel1.win32_1.0.0.202411081344/tools/bin/../lib/gcc/arm-none-eabi/13.3.1/../../../../arm-none-eabi/lib/thumb/v7e-m+fp/hard\libc_nano.a(libc_a-signal.o)
                0x0800ef5e                _raise_r
 *fill*         0x0800efae        0x2 
 .text.raise    0x0800efb0       0x10 C:/ST/STM32CubeIDE_1.17.0/STM32CubeIDE/plugins/com.st.stm32cube.ide.mcu.externaltools.gnu-tools-for-stm32.13.3.rel1.win32_1.0.0.202411081344/tools/bin/../lib/gcc/arm-none-eabi/13.3.1/../../../../arm-none-eabi/lib/thumb/v7e-m+fp/hard\libc_nano.a(libc_a-signal.o)
                0x0800efb0                raise
 .text._kill_r  0x0800efc0       0x24 C:/ST/STM32CubeIDE_1.17.0/STM32CubeIDE/plugins/com.st.stm32cube.ide.mcu.externaltools.gnu-tools-for-stm32.13.3.rel1.win32_1.0.0.202411081344/tools/bin/../lib/gcc/arm-none-eabi/13.3.1/../../../../arm-none-eabi/lib/thumb/v7e-m+fp/hard\libc_nano.a(libc_a-signalr.o)
                0x0800efc0                _kill_r
 .text._getpid_r
                0x0800efe4        0x4 C:/ST/STM32CubeIDE_1.17.0/STM32CubeIDE/plugins/com.st.stm32cube.ide.mcu.externaltools.gnu-tools-for-stm32.13.3.rel1.win32_1.0.0.202411081344/tools/bin/../lib/gcc/arm-none-eabi/13.3.1/../../../../arm-none-eabi/lib/thumb/v7e-m+fp/hard\libc_nano.a(libc_a-signalr.o)
                0x0800efe4                _getpid_r
 *(.glue_7)
 .glue_7        0x0800efe8        0x0 linker stubs
 *(.glue_7t)
 .glue_7t       0x0800efe8        0x0 linker stubs
 *(.eh_frame)
 .eh_frame      0x0800efe8        0x0 C:/ST/STM32CubeIDE_1.17.0/STM32CubeIDE/plugins/com.st.stm32cube.ide.mcu.externaltools.gnu-tools-for-stm32.13.3.rel1.win32_1.0.0.202411081344/tools/bin/../lib/gcc/arm-none-eabi/13.3.1/thumb/v7e-m+fp/hard/crtbegin.o
 *(.init)
 .init          0x0800efe8        0x4 C:/ST/STM32CubeIDE_1.17.0/STM32CubeIDE/plugins/com.st.stm32cube.ide.mcu.externaltools.gnu-tools-for-stm32.13.3.rel1.win32_1.0.0.202411081344/tools/bin/../lib/gcc/arm-none-eabi/13.3.1/thumb/v7e-m+fp/hard/crti.o
                0x0800efe8                _init
 .init          0x0800efec        0x8 C:/ST/STM32CubeIDE_1.17.0/STM32CubeIDE/plugins/com.st.stm32cube.ide.mcu.externaltools.gnu-tools-for-stm32.13.3.rel1.win32_1.0.0.202411081344/tools/bin/../lib/gcc/arm-none-eabi/13.3.1/thumb/v7e-m+fp/hard/crtn.o
 *(.fini)
 .fini          0x0800eff4        0x4 C:/ST/STM32CubeIDE_1.17.0/STM32CubeIDE/plugins/com.st.stm32cube.ide.mcu.externaltools.gnu-tools-for-stm32.13.3.rel1.win32_1.0.0.202411081344/tools/bin/../lib/gcc/arm-none-eabi/13.3.1/thumb/v7e-m+fp/hard/crti.o
                0x0800eff4                _fini
 .fini          0x0800eff8        0x8 C:/ST/STM32CubeIDE_1.17.0/STM32CubeIDE/plugins/com.st.stm32cube.ide.mcu.externaltools.gnu-tools-for-stm32.13.3.rel1.win32_1.0.0.202411081344/tools/bin/../lib/gcc/arm-none-eabi/13.3.1/thumb/v7e-m+fp/hard/crtn.o
                0x0800f000                        . = ALIGN (0x4)
                0x0800f000                        _etext = .

.vfp11_veneer   0x0800f000        0x0
 .vfp11_veneer  0x0800f000        0x0 linker stubs

.v4_bx          0x0800f000        0x0
 .v4_bx         0x0800f000        0x0 linker stubs

.iplt           0x0800f000        0x0
 .iplt          0x0800f000        0x0 C:/ST/STM32CubeIDE_1.17.0/STM32CubeIDE/plugins/com.st.stm32cube.ide.mcu.externaltools.gnu-tools-for-stm32.13.3.rel1.win32_1.0.0.202411081344/tools/bin/../lib/gcc/arm-none-eabi/13.3.1/thumb/v7e-m+fp/hard/crtbegin.o

.rodata         0x0800f000      0x67c
                0x0800f000                        . = ALIGN (0x4)
 *(.rodata)
 .rodata        0x0800f000       0x7e ./Core/Src/BME680_Driver/bme680_user.o
 *fill*         0x0800f07e        0x2 
 .rodata        0x0800f080       0x90 ./Core/Src/BME680_Driver/bme68x.o
 .rodata        0x0800f110       0x5d ./Core/Src/Screen/screen.o
 *fill*         0x0800f16d        0x3 
 .rodata        0x0800f170      0x140 ./Core/Src/main.o
 .rodata        0x0800f2b0        0x5 ./Middlewares/Third_Party/FreeRTOS/Source/tasks.o
 *fill*         0x0800f2b5        0x3 
 .rodata        0x0800f2b8        0xd ./Middlewares/Third_Party/FreeRTOS/Source/timers.o
 *(.rodata*)
 *fill*         0x0800f2c5        0x3 
 .rodata.defaultTask_attributes
                0x0800f2c8       0x24 ./Core/Src/main.o
                0x0800f2c8                defaultTask_attributes
 .rodata.AHBPrescTable
                0x0800f2ec       0x10 ./Core/Src/system_stm32f4xx.o
                0x0800f2ec                AHBPrescTable
 .rodata.APBPrescTable
                0x0800f2fc        0x8 ./Core/Src/system_stm32f4xx.o
                0x0800f2fc                APBPrescTable
 .rodata._printf_float.str1.1
                0x0800f304      0x171 C:/ST/STM32CubeIDE_1.17.0/STM32CubeIDE/plugins/com.st.stm32cube.ide.mcu.externaltools.gnu-tools-for-stm32.13.3.rel1.win32_1.0.0.202411081344/tools/bin/../lib/gcc/arm-none-eabi/13.3.1/../../../../arm-none-eabi/lib/thumb/v7e-m+fp/hard\libc_nano.a(libc_a-nano-vfprintf_float.o)
                                 0x12 (size before relaxing)
 .rodata._printf_i.str1.1
                0x0800f475       0x22 C:/ST/STM32CubeIDE_1.17.0/STM32CubeIDE/plugins/com.st.stm32cube.ide.mcu.externaltools.gnu-tools-for-stm32.13.3.rel1.win32_1.0.0.202411081344/tools/bin/../lib/gcc/arm-none-eabi/13.3.1/../../../../arm-none-eabi/lib/thumb/v7e-m+fp/hard\libc_nano.a(libc_a-nano-vfprintf_i.o)
 .rodata._dtoa_r.str1.1
                0x0800f475       0x8f C:/ST/STM32CubeIDE_1.17.0/STM32CubeIDE/plugins/com.st.stm32cube.ide.mcu.externaltools.gnu-tools-for-stm32.13.3.rel1.win32_1.0.0.202411081344/tools/bin/../lib/gcc/arm-none-eabi/13.3.1/../../../../arm-none-eabi/lib/thumb/v7e-m+fp/hard\libc_nano.a(libc_a-dtoa.o)
 .rodata._Balloc.str1.1
                0x0800f475       0x70 C:/ST/STM32CubeIDE_1.17.0/STM32CubeIDE/plugins/com.st.stm32cube.ide.mcu.externaltools.gnu-tools-for-stm32.13.3.rel1.win32_1.0.0.202411081344/tools/bin/../lib/gcc/arm-none-eabi/13.3.1/../../../../arm-none-eabi/lib/thumb/v7e-m+fp/hard\libc_nano.a(libc_a-mprec.o)
 .rodata.__multadd.str1.1
                0x0800f475       0x11 C:/ST/STM32CubeIDE_1.17.0/STM32CubeIDE/plugins/com.st.stm32cube.ide.mcu.externaltools.gnu-tools-for-stm32.13.3.rel1.win32_1.0.0.202411081344/tools/bin/../lib/gcc/arm-none-eabi/13.3.1/../../../../arm-none-eabi/lib/thumb/v7e-m+fp/hard\libc_nano.a(libc_a-mprec.o)
 *fill*         0x0800f475        0x3 
 .rodata.p05.0  0x0800f478        0xc C:/ST/STM32CubeIDE_1.17.0/STM32CubeIDE/plugins/com.st.stm32cube.ide.mcu.externaltools.gnu-tools-for-stm32.13.3.rel1.win32_1.0.0.202411081344/tools/bin/../lib/gcc/arm-none-eabi/13.3.1/../../../../arm-none-eabi/lib/thumb/v7e-m+fp/hard\libc_nano.a(libc_a-mprec.o)
 *fill*         0x0800f484        0x4 
 .rodata.__mprec_bigtens
                0x0800f488       0x28 C:/ST/STM32CubeIDE_1.17.0/STM32CubeIDE/plugins/com.st.stm32cube.ide.mcu.externaltools.gnu-tools-for-stm32.13.3.rel1.win32_1.0.0.202411081344/tools/bin/../lib/gcc/arm-none-eabi/13.3.1/../../../../arm-none-eabi/lib/thumb/v7e-m+fp/hard\libc_nano.a(libc_a-mprec.o)
                0x0800f488                __mprec_bigtens
 .rodata.__mprec_tens
                0x0800f4b0       0xc8 C:/ST/STM32CubeIDE_1.17.0/STM32CubeIDE/plugins/com.st.stm32cube.ide.mcu.externaltools.gnu-tools-for-stm32.13.3.rel1.win32_1.0.0.202411081344/tools/bin/../lib/gcc/arm-none-eabi/13.3.1/../../../../arm-none-eabi/lib/thumb/v7e-m+fp/hard\libc_nano.a(libc_a-mprec.o)
                0x0800f4b0                __mprec_tens
 .rodata._svfprintf_r.str1.1
                0x0800f578       0x11 C:/ST/STM32CubeIDE_1.17.0/STM32CubeIDE/plugins/com.st.stm32cube.ide.mcu.externaltools.gnu-tools-for-stm32.13.3.rel1.win32_1.0.0.202411081344/tools/bin/../lib/gcc/arm-none-eabi/13.3.1/../../../../arm-none-eabi/lib/thumb/v7e-m+fp/hard\libc_nano.a(libc_a-nano-svfprintf.o)
 .rodata._vfprintf_r.str1.1
                0x0800f578       0x11 C:/ST/STM32CubeIDE_1.17.0/STM32CubeIDE/plugins/com.st.stm32cube.ide.mcu.externaltools.gnu-tools-for-stm32.13.3.rel1.win32_1.0.0.202411081344/tools/bin/../lib/gcc/arm-none-eabi/13.3.1/../../../../arm-none-eabi/lib/thumb/v7e-m+fp/hard\libc_nano.a(libc_a-nano-vfprintf.o)
 .rodata._setlocale_r.str1.1
                0x0800f578        0x9 C:/ST/STM32CubeIDE_1.17.0/STM32CubeIDE/plugins/com.st.stm32cube.ide.mcu.externaltools.gnu-tools-for-stm32.13.3.rel1.win32_1.0.0.202411081344/tools/bin/../lib/gcc/arm-none-eabi/13.3.1/../../../../arm-none-eabi/lib/thumb/v7e-m+fp/hard\libc_nano.a(libc_a-locale.o)
 .rodata.str1.1
                0x0800f578        0x2 C:/ST/STM32CubeIDE_1.17.0/STM32CubeIDE/plugins/com.st.stm32cube.ide.mcu.externaltools.gnu-tools-for-stm32.13.3.rel1.win32_1.0.0.202411081344/tools/bin/../lib/gcc/arm-none-eabi/13.3.1/../../../../arm-none-eabi/lib/thumb/v7e-m+fp/hard\libc_nano.a(libc_a-locale.o)
 .rodata.__assert_func.str1.1
                0x0800f578       0x3d C:/ST/STM32CubeIDE_1.17.0/STM32CubeIDE/plugins/com.st.stm32cube.ide.mcu.externaltools.gnu-tools-for-stm32.13.3.rel1.win32_1.0.0.202411081344/tools/bin/../lib/gcc/arm-none-eabi/13.3.1/../../../../arm-none-eabi/lib/thumb/v7e-m+fp/hard\libc_nano.a(libc_a-assert.o)
 .rodata._ctype_
                0x0800f578      0x101 C:/ST/STM32CubeIDE_1.17.0/STM32CubeIDE/plugins/com.st.stm32cube.ide.mcu.externaltools.gnu-tools-for-stm32.13.3.rel1.win32_1.0.0.202411081344/tools/bin/../lib/gcc/arm-none-eabi/13.3.1/../../../../arm-none-eabi/lib/thumb/v7e-m+fp/hard\libc_nano.a(libc_a-ctype_.o)
                0x0800f578                _ctype_
                0x0800f67c                        . = ALIGN (0x4)
 *fill*         0x0800f679        0x3 

.ARM.extab      0x0800f67c        0x0
                0x0800f67c                        . = ALIGN (0x4)
 *(.ARM.extab* .gnu.linkonce.armextab.*)
                0x0800f67c                        . = ALIGN (0x4)

.ARM            0x0800f67c        0x8
                0x0800f67c                        . = ALIGN (0x4)
                0x0800f67c                        __exidx_start = .
 *(.ARM.exidx*)