../Core/Src/main.c:106:5:main	24	static
../Core/Src/main.c:228:6:SystemClock_Config	88	static
../Core/Src/main.c:276:13:MX_I2C1_Init	8	static
../Core/Src/main.c:310:13:MX_USART1_UART_Init	8	static
../Core/Src/main.c:343:13:MX_USART2_UART_Init	8	static
../Core/Src/main.c:376:13:MX_USART3_UART_Init	8	static
../Core/Src/main.c:409:13:MX_GPIO_Init	48	static
../Core/Src/main.c:450:6:HAL_UART_RxCpltCallback	32	static,ignoring_inline_asm
../Core/Src/main.c:520:6:sensors_init_task	16	static
../Core/Src/main.c:533:6:pulse_task	24	static
../Core/Src/main.c:558:6:enviroment_task	40	static
../Core/Src/main.c:572:6:body_temp_task	24	static
../Core/Src/main.c:584:6:screen_data_tx_task	160	static
../Core/Src/main.c:637:6:screen_data_rx_task	16	static
../Core/Src/main.c:694:6:StartDefaultTask	16	static
../Core/Src/main.c:713:6:HAL_TIM_PeriodElapsedCallback	16	static
../Core/Src/main.c:731:6:Error_Handler	4	static,ignoring_inline_asm
