../Core/Src/main.c:106:5:main	7
../Core/Src/main.c:228:6:SystemClock_Config	3
../Core/Src/main.c:276:13:MX_I2C1_Init	2
../Core/Src/main.c:310:13:MX_USART1_UART_Init	2
../Core/Src/main.c:343:13:MX_USART2_UART_Init	2
../Core/Src/main.c:376:13:MX_USART3_UART_Init	2
../Core/Src/main.c:409:13:MX_GPIO_Init	1
../Core/Src/main.c:450:6:HAL_UART_RxCpltCallback	13
../Core/Src/main.c:520:6:sensors_init_task	2
../Core/Src/main.c:533:6:pulse_task	4
../Core/Src/main.c:558:6:enviroment_task	2
../Core/Src/main.c:572:6:body_temp_task	2
../Core/Src/main.c:584:6:screen_data_tx_task	2
../Core/Src/main.c:637:6:screen_data_rx_task	8
../Core/Src/main.c:694:6:StartDefaultTask	1
../Core/Src/main.c:713:6:HAL_TIM_PeriodElapsedCallback	2
../Core/Src/main.c:731:6:Error_Handler	1
