../Core/Src/main.c:106:5:main	24	static
../Core/Src/main.c:227:6:SystemClock_Config	88	static
../Core/Src/main.c:275:13:MX_I2C1_Init	8	static
../Core/Src/main.c:309:13:MX_USART1_UART_Init	8	static
../Core/Src/main.c:342:13:MX_USART2_UART_Init	8	static
../Core/Src/main.c:375:13:MX_USART3_UART_Init	8	static
../Core/Src/main.c:408:13:MX_GPIO_Init	48	static
../Core/Src/main.c:449:6:HAL_UART_RxCpltCallback	32	static,ignoring_inline_asm
../Core/Src/main.c:519:6:sensors_init_task	16	static
../Core/Src/main.c:532:6:pulse_task	24	static
../Core/Src/main.c:557:6:enviroment_task	40	static
../Core/Src/main.c:571:6:body_temp_task	24	static
../Core/Src/main.c:583:6:screen_data_tx_task	160	static
../Core/Src/main.c:636:6:screen_data_rx_task	16	static
../Core/Src/main.c:693:6:StartDefaultTask	16	static
../Core/Src/main.c:712:6:HAL_TIM_PeriodElapsedCallback	16	static
../Core/Src/main.c:730:6:Error_Handler	4	static,ignoring_inline_asm
